
> my-app@0.1.0 cf:build
> cross-env NODE_OPTIONS=--max-old-space-size=8192 opennextjs-cloudflare build


┌─────────────────────────────┐
│ OpenNext — Cloudflare build │
└─────────────────────────────┘

node.exe : WARN OpenNext is not fully compatible with Windows.
At line:1 char:1
+ & "C:\Program Files\nodejs/node.exe" "C:\Program Files\nodejs/node_mo ...
+ ~~~~~~~~~~~~~~~~~~~~~~~~~~~~~~~~~~~~~~~~~~~~~~~~~~~~~~~~~~~~~~~~~~~~~
    + CategoryInfo          : NotSpecified: (WARN OpenNext i...e with Windows.:String) [], RemoteException
    + FullyQualifiedErrorId : NativeCommandError
 
WARN For optimal performance, it is recommended to use Windows Subsystem for Linux (WSL).
WARN While OpenNext may function on Windows, it could encounter unpredictable failures during runtime.
App directory: C:\Users\NaushadAlam\Desktop\1000freetools-main
Next.js version : 16.1.6
@opennextjs/cloudflare version: 1.18.1
@opennextjs/aws version: 3.9.16

┌─────────────────────────────────┐
│ OpenNext — Building Next.js app │
└─────────────────────────────────┘


> my-app@0.1.0 build
> npm run build:worker && cross-env NODE_OPTIONS=--max-old-space-size=8192 next build --turbo


> my-app@0.1.0 build:worker
> webpack --config webpack.worker.js

asset fileZipper.bundle.js 95.9 KiB [compared for emit] [minimized] (name: main) 1 related asset
runtime modules 884 bytes 4 modules
cacheable modules 98.9 KiB
  ./public/workers/fileZipper.ts 3.58 KiB [built] [code generated]
  ./node_modules/jszip/dist/jszip.min.js 95.3 KiB [built] [code generated]
webpack 5.105.0 compiled successfully in 29202 ms

asset mockDataWorker.bundle.js 461 KiB [compared for emit] [minimized] [big] (name: main)
asset 889.mockDataWorker.bundle.js 274 KiB [compared for emit] [minimized] [big] 1 related asset
orphan modules 4.88 MiB [orphan] 85 modules
runtime modules 3.11 KiB 7 modules
cacheable modules 1.35 MiB
  ./lib/workers/mockDataWorker.ts + 3 modules 504 KiB [built] [code generated]
  ./lib/workers/excelGenerator.ts + 1 modules 882 KiB [built] [code generated]

WARNING in asset size limit: The following asset(s) exceed the recommended size limit (244 KiB).
This can impact web performance.
Assets: 
  mockDataWorker.bundle.js (461 KiB)
  889.mockDataWorker.bundle.js (274 KiB)

WARNING in entrypoint size limit: The following entrypoint(s) combined asset size exceeds the recommended limit (244 KiB). This can impact web performance.
Entrypoints:
  main (461 KiB)
      mockDataWorker.bundle.js

webpack 5.105.0 compiled with 2 warnings in 33528 ms
▲ Next.js 16.1.6 (Turbopack)

  Creating an optimized production build ...
✓ Compiled successfully in 6.2min
  Running TypeScript ...
  Collecting page data using 11 workers ...
  Generating static pages using 11 workers (0/1936) ...
  Generating static pages using 11 workers (484/1936) 
  Generating static pages using 11 workers (968/1936) 
  Generating static pages using 11 workers (1452/1936) 
✓ Generating static pages using 11 workers (1936/1936) in 2.5min
  Finalizing page optimization ...

Route (app)
┌ ○ /
├ ○ /_not-found
├ ○ /about
├ ○ /ascii-tools
├ ○ /ascii-tools/ascii-art-generator
├ ○ /ascii-tools/ascii-code-table
├ ○ /ascii-tools/ascii-to-braille-converter
├ ○ /ascii-tools/ascii-to-decimal-converter
├ ○ /ascii-tools/ascii-to-hex-converter
├ ○ /ascii-tools/ascii-to-octal-converter
├ ○ /ascii-tools/leet-speak-converter
├ ○ /ascii-tools/lorem-ipsum-generator
├ ○ /ascii-tools/regex-tester
├ ○ /ascii-tools/upside-down-text-generator
├ ○ /ascii-tools/utf8-to-utf16-converter
├ ○ /ascii-tools/utf8-validator
├ ○ /audio-tools
├ ○ /audio-tools/audio-bitrate-changer
├ ○ /audio-tools/audio-channel-remover
├ ○ /audio-tools/audio-channel-splitter
├ ○ /audio-tools/audio-clip-maker
├ ○ /audio-tools/audio-compressor
├ ○ /audio-tools/audio-cover-art-adder
├ ○ /audio-tools/audio-cover-art-extractor
├ ○ /audio-tools/audio-equalizer-basic
├ ○ /audio-tools/audio-fade-in-out
├ ○ /audio-tools/audio-format-converter
├ ○ /audio-tools/audio-frequency-analyzer
├ ○ /audio-tools/audio-gain-analyzer
├ ○ /audio-tools/audio-loop-maker
├ ○ /audio-tools/audio-loudness-meter
├ ○ /audio-tools/audio-merger
├ ○ /audio-tools/audio-metadata-editor
├ ○ /audio-tools/audio-mono-stereo-converter
├ ○ /audio-tools/audio-normalizer
├ ○ /audio-tools/audio-pitch-changer
├ ○ /audio-tools/audio-resampler
├ ○ /audio-tools/audio-reverse
├ ○ /audio-tools/audio-sample-extractor
├ ○ /audio-tools/audio-sample-rate-converter
├ ○ /audio-tools/audio-silence-remover
├ ○ /audio-tools/audio-speed-changer
├ ○ /audio-tools/audio-splitter
├ ○ /audio-tools/audio-thumbnail-generator
├ ○ /audio-tools/audio-track-extractor
├ ○ /audio-tools/audio-trimmer
├ ○ /audio-tools/audio-volume-adjuster
├ ○ /audio-tools/audio-waveform-generator
├ ○ /barcode-tools
├ ○ /barcode-tools/barcode-color-inverter
├ ○ /barcode-tools/barcode-comparison
├ ○ /barcode-tools/barcode-data-encoder
├ ○ /barcode-tools/barcode-font-encoder
├ ○ /barcode-tools/barcode-generator
├ ○ /barcode-tools/barcode-image-resizer
├ ○ /barcode-tools/barcode-lookup
├ ○ /barcode-tools/barcode-repair
├ ○ /barcode-tools/barcode-scanner
├ ○ /barcode-tools/barcode-sequence-generator
├ ○ /barcode-tools/barcode-to-base64
├ ○ /barcode-tools/barcode-to-csv
├ ○ /barcode-tools/barcode-to-pdf
├ ○ /barcode-tools/barcode-to-text-converter
├ ○ /barcode-tools/barcode-validator
├ ○ /barcode-tools/barcode-verification
├ ○ /barcode-tools/bulk-barcode-generator
├ ○ /barcode-tools/inventory-template-generator
├ ○ /barcode-tools/isbn-barcode-generator
├ ○ /barcode-tools/qr-code-analytics-generator
├ ○ /binary-tools
├ ○ /binary-tools/binary-bit-flipper-manipulator
├ ○ /binary-tools/binary-calculator
├ ○ /binary-tools/binary-checksum-hash-generator
├ ○ /binary-tools/binary-clock-time-converter
├ ○ /binary-tools/binary-complement-calculator
├ ○ /binary-tools/binary-file-viewer-editor
├ ○ /binary-tools/binary-gray-code-converter
├ ○ /binary-tools/binary-image-steganography
├ ○ /binary-tools/binary-logic-gate-calculator
├ ○ /binary-tools/binary-palindrome-checker
├ ○ /binary-tools/binary-pattern-generator-finder
├ ○ /binary-tools/binary-string-splitter-joiner
├ ○ /binary-tools/binary-to-decimal-converter
├ ○ /binary-tools/binary-to-hexadecimal-converter
├ ○ /binary-tools/binary-to-octal-converter
├ ○ /binary-tools/binary-to-text-converter
├ ○ /binary-tools/binary-uuid-guid-generator
├ ○ /binary-tools/decimal-to-binary-converter
├ ○ /binary-tools/hexadecimal-to-binary-converter
├ ○ /binary-tools/octal-to-binary-converter
├ ○ /binary-tools/text-to-binary-converter
├ ○ /calculators
├ ○ /calculators/0-100-acceleration-estimator
├ ○ /calculators/1rm-calculator
├ ○ /calculators/4-percent-rule-retirement-calculator
├ ○ /calculators/50-30-20-budget-rule-calculator
├ ○ /calculators/a-b-test-significance-calculator
├ ○ /calculators/ac-impedance-calculator
├ ○ /calculators/acceleration-calculator
├ ○ /calculators/acoustic-impedance-calculator
├ ○ /calculators/activity-calorie-calculator
├ ○ /calculators/adc-resolution-calculator
├ ○ /calculators/addition-calculator
├ ○ /calculators/aes-key-size-estimator
├ ○ /calculators/age-calculator
├ ○ /calculators/air-conditioner-tonnage-calculator
├ ○ /calculators/air-density-calculator
├ ○ /calculators/alcohol-dilution-calculator
├ ○ /calculators/altitude-sickness-risk-calculator
├ ○ /calculators/anniversary-calculator
├ ○ /calculators/antilog-calculator
├ ○ /calculators/aperture-depth-of-field-calculator
├ ○ /calculators/aquarium-co-calculator
├ ○ /calculators/aquarium-filtration-calculator
├ ○ /calculators/aquarium-volume-calculator
├ ○ /calculators/arithmetic-sequence-calculator
├ ○ /calculators/asphalt-quantity-calculator
├ ○ /calculators/attendance-percentage-calculator
├ ○ /calculators/audio-dynamic-range-calculator
├ ○ /calculators/average-calculator
├ ○ /calculators/baby-age-calculator
├ ○ /calculators/baby-feeding-chart-calculator
├ ○ /calculators/baby-sleep-schedule-calculator
├ ○ /calculators/backpack-load-calculator
├ ○ /calculators/bacterial-growth-calculator
├ ○ /calculators/baking-time-adjustment-calculator
├ ○ /calculators/base-converter-calculator
├ ○ /calculators/basketball-shooting-percentage-calculator
├ ○ /calculators/battery-backup-time-calculator
├ ○ /calculators/battery-c-rate-calculator
├ ○ /calculators/battery-life-calculator
├ ○ /calculators/beam-bending-calculator
├ ○ /calculators/beer-abv-calculator
├ ○ /calculators/belt-length-calculator
├ ○ /calculators/belt-tension-calculator
├ ○ /calculators/biorhythm-calculator
├ ○ /calculators/bird-cage-size-calculator
├ ○ /calculators/blood-alcohol-calculator
├ ○ /calculators/blood-sugar-converter
├ ○ /calculators/bmi-calculator
├ ○ /calculators/bmr-calculator
├ ○ /calculators/boat-speed-calculator
├ ○ /calculators/body-fat-calculator
├ ○ /calculators/body-surface-area-calculator
├ ○ /calculators/boiler-efficiency-calculator
├ ○ /calculators/bolt-torque-calculator
├ ○ /calculators/bond-convexity-calculator
├ ○ /calculators/bond-duration-calculator
├ ○ /calculators/bond-price-calculator
├ ○ /calculators/bond-yield-calculator
├ ○ /calculators/break-even-discount-calculator
├ ○ /calculators/break-even-point-calculator
├ ○ /calculators/breathing-exercise-timer
├ ○ /calculators/brewster-angle-calculator
├ ○ /calculators/brick-bond-calculator
├ ○ /calculators/brick-calculator
├ ○ /calculators/business-days-calculator
├ ○ /calculators/business-loan-emi-calculator
├ ○ /calculators/buy-vs-rent-calculator
├ ○ /calculators/calorie-deficit-calculator
├ ○ /calculators/calories-per-serving-calculator
├ ○ /calculators/camera-exposure-calculator
├ ○ /calculators/camping-gear-weight-calculator
├ ○ /calculators/canvas-aspect-ratio-calculator
├ ○ /calculators/car-loan-affordability-calculator
├ ○ /calculators/car-loan-calculator
├ ○ /calculators/carb-intake-calculator
├ ○ /calculators/carbon-footprint-calculator
├ ○ /calculators/cargo-volume-calculator
├ ○ /calculators/carpet-area-calculator
├ ○ /calculators/cat-calorie-calculator
├ ○ /calculators/ceiling-tile-calculator
├ ○ /calculators/cell-culture-doubling-calculator
├ ○ /calculators/cgpa-calculator
├ ○ /calculators/charging-cost-ev-calculator
├ ○ /calculators/child-height-predictor
├ ○ /calculators/chiller-tonnage-calculator
├ ○ /calculators/cholesterol-ratio-calculator
├ ○ /calculators/chord-progression-generator
├ ○ /calculators/circle-area-calculator
├ ○ /calculators/clothing-shrinkage-estimator
├ ○ /calculators/co-emissions-calculator
├ ○ /calculators/cocktail-abv-calculator
├ ○ /calculators/coffee-to-water-ratio-calculator
├ ○ /calculators/column-buckling-calculator
├ ○ /calculators/combination-calculator
├ ○ /calculators/compound-interest-calculator
├ ○ /calculators/compounding-frequency-comparison
├ ○ /calculators/concentration-calculator
├ ○ /calculators/concrete-mix-ratio-calculator
├ ○ /calculators/concrete-volume-calculator
├ ○ /calculators/container-load-calculator
├ ○ /calculators/cooper-test-calculator
├ ○ /calculators/cost-of-capital-calculator
├ ○ /calculators/countdown-calculator
├ ○ /calculators/cpc-cpm-ctr-calculator
├ ○ /calculators/credit-card-payoff-calculator
├ ○ /calculators/cricket-economy-rate-calculator
├ ○ /calculators/cricket-strike-rate-calculator
├ ○ /calculators/crop-yield-estimator
├ ○ /calculators/current-calculator
├ ○ /calculators/curtain-length-calculator
├ ○ /calculators/customer-acquisition-cost-calculator
├ ○ /calculators/customer-lifetime-value-calculator
├ ○ /calculators/cycling-calorie-calculator
├ ○ /calculators/dac-resolution-calculator
├ ○ /calculators/daily-calorie-needs-calculator
├ ○ /calculators/daily-habit-streak-calculator
├ ○ /calculators/date-add-subtract-calculator
├ ○ /calculators/date-difference-calculator
├ ○ /calculators/db-calculator
├ ○ /calculators/debt-to-income-ratio-calculator
├ ○ /calculators/decibel-to-power-converter
├ ○ /calculators/decimal-to-fraction-calculator
├ ○ /calculators/deep-sleep-cycle-planner
├ ○ /calculators/density-calculator
├ ○ /calculators/depreciation-calculator
├ ○ /calculators/determinant-calculator
├ ○ /calculators/dew-point-calculator
├ ○ /calculators/diaper-usage-estimator
├ ○ /calculators/dilution-calculator
├ ○ /calculators/dilution-factor-calculator
├ ○ /calculators/dimensional-weight-calculator
├ ○ /calculators/discount-calculator
├ ○ /calculators/discount-stacking-calculator
├ ○ /calculators/distance-formula-calculator
├ ○ /calculators/dividend-payout-calculator
├ ○ /calculators/dividend-reinvestment-calculator
├ ○ /calculators/division-calculator
├ ○ /calculators/dna-base-count-calculator
├ ○ /calculators/dog-calorie-calculator
├ ○ /calculators/dollar-cost-averaging-calculator
├ ○ /calculators/door-frame-calculator
├ ○ /calculators/dopamine-detox-planner
├ ○ /calculators/doppler-effect-calculator
├ ○ /calculators/drone-flight-time-estimator
├ ○ /calculators/drywall-area-calculator
├ ○ /calculators/duty-cycle-calculator
├ ○ /calculators/dynamic-pricing-calculator
├ ○ /calculators/ebitda-calculator
├ ○ /calculators/electric-power-calculator
├ ○ /calculators/electrical-load-calculator
├ ○ /calculators/electricity-appliance-wattage-calculator
├ ○ /calculators/electrochemical-cell-potential-calculator
├ ○ /calculators/ellipse-area-calculator
├ ○ /calculators/emergency-fund-calculator
├ ○ /calculators/emi-breakup-visualizer
├ ○ /calculators/emi-for-home-loan-calculator
├ ○ /calculators/empirical-formula-calculator
├ ○ /calculators/energy-calculator
├ ○ /calculators/energy-consumption-breakdown-calculator
├ ○ /calculators/engine-displacement-calculator
├ ○ /calculators/entropy-calculator
├ ○ /calculators/escape-velocity-calculator
├ ○ /calculators/ev-battery-capacity-estimator
├ ○ /calculators/exam-correction-curve-calculator
├ ○ /calculators/exam-scoring-calculator
├ ○ /calculators/exponent-calculator
├ ○ /calculators/expression-evaluator
├ ○ /calculators/factorial-calculator
├ ○ /calculators/fastener-load-calculator
├ ○ /calculators/fat-intake-calculator
├ ○ /calculators/fertilizer-requirement-calculator
├ ○ /calculators/fibonacci-generator
├ ○ /calculators/fire-number-calculator
├ ○ /calculators/fixed-deposit-interest-calculator
├ ○ /calculators/flooring-calculator
├ ○ /calculators/focal-length-calculator
├ ○ /calculators/football-goal-conversion-calculator
├ ○ /calculators/force-calculator
├ ○ /calculators/foundation-volume-calculator
├ ○ /calculators/fraction-to-decimal-calculator
├ ○ /calculators/freelance-effective-hourly-rate-calculator
├ ○ /calculators/frequency-calculator
├ ○ /calculators/fuel-cost-calculator
├ ○ /calculators/fuel-efficiency-comparison-calculator
├ ○ /calculators/funnel-drop-off-calculator
├ ○ /calculators/future-value-calculator
├ ○ /calculators/gacha-pull-probability-calculator
├ ○ /calculators/gcd-calculator
├ ○ /calculators/gear-ratio-calculator
├ ○ /calculators/gear-shifting-rpms-calculator
├ ○ /calculators/gear-train-efficiency-calculator
├ ○ /calculators/geometric-sequence-calculator
├ ○ /calculators/glycemic-index-calculator
├ ○ /calculators/glycemic-load-calculator
├ ○ /calculators/goal-tracker-calculator
├ ○ /calculators/golden-ratio-calculator
├ ○ /calculators/golden-ratio-layout-generator
├ ○ /calculators/golf-handicap-calculator
├ ○ /calculators/gpa-calculator
├ ○ /calculators/gpa-weight-distribution-calculator
├ ○ /calculators/grade-percentage-calculator
├ ○ /calculators/gravel-quantity-calculator
├ ○ /calculators/gravitational-field-calculator
├ ○ /calculators/gravitational-force-calculator
├ ○ /calculators/greenhouse-ventilation-calculator
├ ○ /calculators/grid-layout-calculator
├ ○ /calculators/gross-vs-net-income-calculator
├ ○ /calculators/hash-brute-force-time-estimator
├ ○ /calculators/head-loss-darcy-weisbach-calculator
├ ○ /calculators/heart-rate-recovery-calculator
├ ○ /calculators/heart-rate-zones-calculator
├ ○ /calculators/heat-index-calculator
├ ○ /calculators/heat-pump-cop-calculator
├ ○ /calculators/heat-transfer-calculator
├ ○ /calculators/henderson-hasselbalch-calculator
├ ○ /calculators/hiking-pace-calculator
├ ○ /calculators/horse-feed-calculator
├ ○ /calculators/horsepower-to-kw-converter
├ ○ /calculators/hourly-wage-to-salary-calculator
├ ○ /calculators/house-construction-cost-estimator
├ ○ /calculators/housing-affordability-calculator
├ ○ /calculators/humidity-calculator
├ ○ /calculators/hvac-airflow-calculator
├ ○ /calculators/hvac-btu-calculator
├ ○ /calculators/ideal-bedtime-calculator
├ ○ /calculators/ideal-gas-law-calculator
├ ○ /calculators/ideal-weight-calculator
├ ○ /calculators/indoor-co-level-estimator
├ ○ /calculators/inductor-calculations
├ ○ /calculators/interest-rate-finder-calculator
├ ○ /calculators/interest-vs-principal-split-calculator
├ ○ /calculators/inverse-matrix-calculator
├ ○ /calculators/inverter-capacity-calculator
├ ○ /calculators/investment-return-rate-calculator
├ ○ /calculators/irr-calculator
├ ○ /calculators/irrigation-water-calculator
├ ○ /calculators/iso-noise-predictor
├ ○ /calculators/k-d-ratio-calculator
├ ○ /calculators/ketogenic-macro-calculator
├ ○ /calculators/kidney-function-egfr-calculator
├ ○ /calculators/kinetic-energy-calculator
├ ○ /calculators/kitchen-measurement-converter
├ ○ /calculators/lactate-threshold-calculator
├ ○ /calculators/laminar-turbulent-flow-calculator
├ ○ /calculators/land-area-converter
├ ○ /calculators/laundry-detergent-calculator
├ ○ /calculators/law-of-cosines-calculator
├ ○ /calculators/law-of-sines-calculator
├ ○ /calculators/lcm-calculator
├ ○ /calculators/lead-conversion-calculator
├ ○ /calculators/lean-body-mass-calculator
├ ○ /calculators/led-resistor-calculator
├ ○ /calculators/lens-equation-calculator
├ ○ /calculators/line-height-calculator
├ ○ /calculators/linear-equation-solver
├ ○ /calculators/livestock-feed-calculator
├ ○ /calculators/load-progression-calculator
├ ○ /calculators/loan-amortization-visualizer
├ ○ /calculators/loan-emi-calculator
├ ○ /calculators/loan-payoff-time-calculator
├ ○ /calculators/loan-prepayment-impact-calculator
├ ○ /calculators/loan-refinancing-calculator
├ ○ /calculators/logarithm-calculator
├ ○ /calculators/loot-probability-calculator
├ ○ /calculators/lump-sum-vs-sip-analyzer
├ ○ /calculators/macro-calculator
├ ○ /calculators/manning-equation-calculator
├ ○ /calculators/map-scale-calculator
├ ○ /calculators/marathon-pace-calculator
├ ○ /calculators/margin-calculator
├ ○ /calculators/mark-to-grade-converter
├ ○ /calculators/markup-calculator
├ ○ /calculators/matrix-addition-calculator
├ ○ /calculators/matrix-multiplication-calculator
├ ○ /calculators/median-calculator
├ ○ /calculators/meditation-timer-scheduler
├ ○ /calculators/met-calorie-calculator
├ ○ /calculators/mileage-calculator
├ ○ /calculators/minimum-payment-calculator
├ ○ /calculators/mirror-equation-calculator
├ ○ /calculators/mobile-charging-time-calculator
├ ○ /calculators/mode-calculator
├ ○ /calculators/modulo-calculator
├ ○ /calculators/molality-calculator
├ ○ /calculators/molarity-calculator
├ ○ /calculators/molecular-mass-calculator
├ ○ /calculators/moles-to-volume-converter
├ ○ /calculators/momentum-calculator
├ ○ /calculators/money-saving-challenge-calculator
├ ○ /calculators/monthly-budget-breakdown-calculator
├ ○ /calculators/mortar-volume-calculator
├ ○ /calculators/mortgage-amortization-schedule
├ ○ /calculators/mortgage-calculator
├ ○ /calculators/mortgage-refinance-break-even-calculator
├ ○ /calculators/mountain-oxygen-calculator
├ ○ /calculators/multiplication-calculator
├ ○ /calculators/net-profit-margin-calculator
├ ○ /calculators/noise-exposure-calculator
├ ○ /calculators/noise-level-calculator
├ ○ /calculators/note-frequency-calculator
├ ○ /calculators/nps-score-calculator
├ ○ /calculators/npv-calculator
├ ○ /calculators/nuclear-decay-half-life-calculator
├ ○ /calculators/number-to-words-converter
├ ○ /calculators/office-space-per-employee-calculator
├ ○ /calculators/ohms-law-calculator
├ ○ /calculators/online-seller-profit-calculator
├ ○ /calculators/operating-margin-calculator
├ ○ /calculators/orbital-period-calculator
├ ○ /calculators/oven-temperature-converter
├ ○ /calculators/ovulation-calculator
├ ○ /calculators/pace-to-speed-converter
├ ○ /calculators/paint-cost-estimate-calculator
├ ○ /calculators/paint-coverage-calculator
├ ○ /calculators/pallet-stacking-calculator
├ ○ /calculators/parallelogram-area-calculator
├ ○ /calculators/pascals-triangle-calculator
├ ○ /calculators/password-strength-scorer
├ ○ /calculators/payback-period-calculator
├ ○ /calculators/pcb-trace-width-calculator
├ ○ /calculators/peak-to-peak-voltage-calculator
├ ○ /calculators/percent-composition-calculator
├ ○ /calculators/percentage-calculator
├ ○ /calculators/percentage-change-calculator
├ ○ /calculators/permutation-calculator
├ ○ /calculators/perspective-angle-calculator
├ ○ /calculators/pesticide-dilution-calculator
├ ○ /calculators/pet-age-calculator
├ ○ /calculators/ph-calculator
├ ○ /calculators/photon-energy-calculator
├ ○ /calculators/pipe-flow-reynolds-number-calculator
├ ○ /calculators/pipe-friction-loss-calculator
├ ○ /calculators/pipe-water-tank-pressure-calculator
├ ○ /calculators/pka-pkb-calculator
├ ○ /calculators/plastering-calculator
├ ○ /calculators/poh-calculator
├ ○ /calculators/poster-print-size-calculator
├ ○ /calculators/potential-energy-calculator
├ ○ /calculators/power-calculator
├ ○ /calculators/power-factor-calculator
├ ○ /calculators/pregnancy-due-date-calculator
├ ○ /calculators/pregnancy-week-calculator
├ ○ /calculators/pregnancy-weight-gain-calculator
├ ○ /calculators/present-value-calculator
├ ○ /calculators/pressure-calculator
├ ○ /calculators/price-per-unit-comparison-calculator
├ ○ /calculators/prime-checker
├ ○ /calculators/prime-factorization-calculator
├ ○ /calculators/productivity-streak-calculator
├ ○ /calculators/profit-margin-calculator
├ ○ /calculators/protein-absorption-calculator
├ ○ /calculators/protein-distribution-calculator
├ ○ /calculators/protein-intake-calculator
├ ○ /calculators/pulley-system-calculator
├ ○ /calculators/pump-horsepower-calculator
├ ○ /calculators/punnett-square-calculator
├ ○ /calculators/pwm-frequency-calculator
├ ○ /calculators/pythagorean-theorem-calculator
├ ○ /calculators/quadratic-equation-solver
├ ○ /calculators/radiation-dose-calculator
├ ○ /calculators/ramp-slope-calculator
├ ○ /calculators/random-number-generator
├ ○ /calculators/range-calculator
├ ○ /calculators/range-estimator-ev
├ ○ /calculators/ranking-percentile-calculator
├ ○ /calculators/rbc-count-calculator
├ ○ /calculators/rc-time-constant-calculator
├ ○ /calculators/reaction-rate-constant-calculator
├ ○ /calculators/reaction-yield-calculator
├ ○ /calculators/recipe-scaler-calculator
├ ○ /calculators/rectangle-area-calculator
├ ○ /calculators/recurring-deposit-calculator
├ ○ /calculators/refraction-index-calculator
├ ○ /calculators/relativistic-energy-calculator
├ ○ /calculators/rent-per-square-foot-calculator
├ ○ /calculators/rental-roi-calculator
├ ○ /calculators/rental-yield-calculator
├ ○ /calculators/resistance-calculator
├ ○ /calculators/retirement-age-calculator
├ ○ /calculators/retirement-corpus-calculator
├ ○ /calculators/retirement-withdrawal-rate-calculator
├ ○ /calculators/reverse-stock-split-calculator
├ ○ /calculators/revision-planner
├ ○ /calculators/rhombus-area-calculator
├ ○ /calculators/richter-scale-to-energy-calculator
├ ○ /calculators/ring-size-calculator
├ ○ /calculators/rivet-strength-calculator
├ ○ /calculators/rl-time-constant-calculator
├ ○ /calculators/rlc-resonance-calculator
├ ○ /calculators/rms-value-calculator
├ ○ /calculators/robot-motor-torque-calculator
├ ○ /calculators/roi-calculator
├ ○ /calculators/roi-calculator-ad
├ ○ /calculators/roman-numerals-converter
├ ○ /calculators/roofing-sheets-calculator
├ ○ /calculators/room-heater-wattage-calculator
├ ○ /calculators/root-calculator
├ ○ /calculators/rounding-calculator
├ ○ /calculators/royalty-calculator
├ ○ /calculators/rpm-calculator
├ ○ /calculators/rsa-key-strength-calculator
├ ○ /calculators/rsu-vesting-calculator
├ ○ /calculators/rule-of-72-calculator
├ ○ /calculators/running-pace-calculator
├ ○ /calculators/running-split-calculator
├ ○ /calculators/saas-churn-rate-calculator
├ ○ /calculators/saas-mrr-arr-calculator
├ ○ /calculators/safety-factor-calculator
├ ○ /calculators/salary-to-hourly-calculator
├ ○ /calculators/sand-quantity-calculator
├ ○ /calculators/savings-goal-calculator
├ ○ /calculators/savings-vs-investment-comparison
├ ○ /calculators/scaffold-board-calculator
├ ○ /calculators/scale-finder
├ ○ /calculators/scientific-notation-calculator
├ ○ /calculators/screen-brightness-battery-calculator
├ ○ /calculators/screen-time-allowance-calculator
├ ○ /calculators/screen-time-calculator
├ ○ /calculators/screw-thread-pitch-calculator
├ ○ /calculators/sector-area-calculator
├ ○ /calculators/seed-rate-calculator
├ ○ /calculators/series-parallel-capacitor-calculator
├ ○ /calculators/series-parallel-resistor-calculator
├ ○ /calculators/shaft-torque-calculator
├ ○ /calculators/shoe-size-converter
├ ○ /calculators/shutter-speed-calculator
├ ○ /calculators/signal-to-noise-ratio-calculator
├ ○ /calculators/simple-interest-calculator
├ ○ /calculators/simplify-fraction-calculator
├ ○ /calculators/sip-calculator
├ ○ /calculators/sip-step-up-calculator
├ ○ /calculators/sleep-cycle-calculator
├ ○ /calculators/sleep-debt-calculator
├ ○ /calculators/sleep-wake-efficiency-calculator
├ ○ /calculators/slope-calculator
├ ○ /calculators/snells-law-calculator
├ ○ /calculators/soil-ph-adjustment-calculator
├ ○ /calculators/solar-irradiance-calculator
├ ○ /calculators/solar-panel-requirement-calculator
├ ○ /calculators/solubility-product-ksp-calculator
├ ○ /calculators/sound-speed-calculator
├ ○ /calculators/speed-calculator
├ ○ /calculators/speed-to-pace-converter
├ ○ /calculators/spring-force-hookes-law-calculator
├ ○ /calculators/square-area-calculator
├ ○ /calculators/staircase-rise-run-calculator
├ ○ /calculators/standard-deviation-calculator
├ ○ /calculators/startup-equity-calculator
├ ○ /calculators/steel-weight-calculator
├ ○ /calculators/step-down-sip-calculator
├ ○ /calculators/steps-to-calories-calculator
├ ○ /calculators/stock-cagr-calculator
├ ○ /calculators/stock-split-calculator
├ ○ /calculators/stoichiometry-calculator
├ ○ /calculators/strength-training-pr-estimator
├ ○ /calculators/stress-strain-calculator
├ ○ /calculators/study-hour-efficiency-calculator
├ ○ /calculators/study-hour-planner
├ ○ /calculators/subscription-pricing-calculator
├ ○ /calculators/subscription-profit-calculator
├ ○ /calculators/subtraction-calculator
├ ○ /calculators/swimming-calorie-calculator
├ ○ /calculators/swimming-lap-pace-calculator
├ ○ /calculators/swp-calculator
├ ○ /calculators/tdee-calculator
├ ○ /calculators/tea-brewing-strength-calculator
├ ○ /calculators/telescope-magnification-calculator
├ ○ /calculators/tempo-to-delay-time-converter
├ ○ /calculators/tennis-win-probability-calculator
├ ○ /calculators/thermal-expansion-calculator
├ ○ /calculators/tile-calculator
├ ○ /calculators/time-duration-calculator
├ ○ /calculators/tire-pressure-adjustment-calculator
├ ○ /calculators/titration-calculator
├ ○ /calculators/toddler-growth-chart-calculator
├ ○ /calculators/torque-calculator
├ ○ /calculators/torque-to-power-converter
├ ○ /calculators/trail-difficulty-estimator
├ ○ /calculators/trapezoid-area-calculator
├ ○ /calculators/triangle-area-calculator
├ ○ /calculators/trip-cost-estimator
├ ○ /calculators/tuning-frequency-converter
├ ○ /calculators/typography-scale-calculator
├ ○ /calculators/unit-price-calculator
├ ○ /calculators/unix-timestamp-converter
├ ○ /calculators/ups-generator-runtime-calculator
├ ○ /calculators/ups-load-calculator
├ ○ /calculators/valuation-cap-calculator
├ ○ /calculators/vapor-pressure-calculator
├ ○ /calculators/variance-calculator
├ ○ /calculators/vehicle-depreciation-calculator
├ ○ /calculators/vehicle-turning-radius-calculator
├ ○ /calculators/velocity-calculator
├ ○ /calculators/ventilation-rate-calculator
├ ○ /calculators/vo2-max-calculator
├ ○ /calculators/voltage-calculator
├ ○ /calculators/volume-of-cone-calculator
├ ○ /calculators/volume-of-cube-calculator
├ ○ /calculators/volume-of-cuboid-calculator
├ ○ /calculators/volume-of-cylinder-calculator
├ ○ /calculators/volume-of-pyramid-calculator
├ ○ /calculators/volume-of-sphere-calculator
├ ○ /calculators/volumetric-weight-calculator
├ ○ /calculators/wacc-calculator
├ ○ /calculators/waist-to-height-ratio-calculator
├ ○ /calculators/waist-to-hip-ratio-calculator
├ ○ /calculators/walking-calorie-calculator
├ ○ /calculators/wallpaper-calculator
├ ○ /calculators/warehouse-storage-volume-calculator
├ ○ /calculators/warm-up-calculator
├ ○ /calculators/water-flow-rate-calculator
├ ○ /calculators/water-intake-activity-calculator
├ ○ /calculators/water-requirement-calculator
├ ○ /calculators/water-tank-volume-calculator
├ ○ /calculators/wavelength-calculator
├ ○ /calculators/wbc-count-calculator
├ ○ /calculators/wealth-growth-projection-calculator
├ ○ /calculators/week-number-calculator
├ ○ /calculators/weight-distribution-calculator
├ ○ /calculators/weight-loss-time-calculator
├ ○ /calculators/weighted-average-calculator
├ ○ /calculators/welding-strength-calculator
├ ○ /calculators/win-rate-estimator
├ ○ /calculators/wind-chill-calculator
├ ○ /calculators/window-area-calculator
├ ○ /calculators/wine-abv-calculator
├ ○ /calculators/wire-gauge-calculator
├ ○ /calculators/wood-board-feet-calculator
├ ○ /calculators/work-calculator
├ ○ /calculators/work-hours-calculator
├ ○ /calculators/working-capital-calculator
├ ○ /calculators/workout-max-reps-estimator
├ ○ /calculators/workout-rest-timer
├ ○ /calculators/workout-volume-calculator
├ ○ /calculators/xp-progression-calculator
├ ○ /calculators/yeast-conversion-calculator
├ ○ /calculators/yield-to-maturity-calculator
├ ○ /calculators/z-score-calculator
├ ○ /calculators/zodiac-sign-calculator
├ ○ /calendar-tools
├ ○ /calendar-tools/academic-calendar-maker
├ ○ /calendar-tools/advent-calendar-creator
├ ○ /calendar-tools/business-hours-calculator
├ ○ /calendar-tools/calendar-matrix-generator
├ ○ /calendar-tools/calendar-rss-generator
├ ○ /calendar-tools/calendar-sync-overlay
├ ○ /calendar-tools/date-picker-generator
├ ○ /calendar-tools/event-countdown
├ ○ /calendar-tools/fiscal-year-calendar
├ ○ /calendar-tools/hijri-calendar-converter
├ ○ /calendar-tools/moon-phase-calendar
├ ○ /calendar-tools/online-calendar-holidays
├ ○ /calendar-tools/payday-calculator
├ ○ /calendar-tools/perpetual-calendar
├ ○ /calendar-tools/pregnancy-due-date-calendar
├ ○ /calendar-tools/printable-calendar-maker
├ ○ /calendar-tools/seasonal-calendar
├ ○ /chart-tools
├ ○ /chart-tools/bar-graph-generator
├ ○ /chart-tools/box-plot-maker
├ ○ /chart-tools/bubble-chart-creator
├ ○ /chart-tools/flowchart-creator
├ ○ /chart-tools/gantt-chart-maker
├ ○ /chart-tools/gauge-chart-generator
├ ○ /chart-tools/heat-map-generator
├ ○ /chart-tools/line-chart-creator
├ ○ /chart-tools/org-chart-maker
├ ○ /chart-tools/pareto-chart-maker
├ ○ /chart-tools/pie-chart-maker
├ ○ /chart-tools/radar-chart-generator
├ ○ /chart-tools/sankey-diagram-generator
├ ○ /chart-tools/scatter-plot-tool
├ ○ /chart-tools/stock-chart-generator
├ ○ /chart-tools/sunburst-chart-creator
├ ○ /chart-tools/timeline-maker
├ ○ /chart-tools/venn-diagram-maker
├ ○ /chart-tools/word-cloud-generator
├ ○ /collatz-conjecture
├ ○ /color-tools
├ ○ /color-tools/advanced-color-picker
├ ○ /color-tools/color-harmony-generator
├ ○ /color-tools/color-history-tool
├ ○ /color-tools/color-palette-generator
├ ○ /color-tools/color-palettes
├ ○ /color-tools/color-picker
├ ○ /color-tools/color-scale-generator
├ ○ /color-tools/color-temperature-to-rgb
├ ○ /color-tools/color-wheel
├ ○ /color-tools/complementary-color-finder
├ ○ /color-tools/contrast-checker
├ ○ /color-tools/css-color-name-converter
├ ○ /color-tools/css-gradient-generator
├ ○ /color-tools/css-variables-generator
├ ○ /color-tools/custom-color-palette-generator
├ ○ /color-tools/dark-light-mode-preview
├ ○ /color-tools/dominant-color-finder
├ ○ /color-tools/duotone-palette-generator
├ ○ /color-tools/extract-colors-from-image
├ ○ /color-tools/favorite-colors-manager
├ ○ /color-tools/gradient-palette-generator
├ ○ /color-tools/gradient-step-generator
├ ○ /color-tools/hex-to-cmyk-converter
├ ○ /color-tools/hex-to-hsl-converter
├ ○ /color-tools/hex-to-rgb-converter
├ ○ /color-tools/hsl-to-hex-converter
├ ○ /color-tools/hsl-to-hsv-converter
├ ○ /color-tools/monochrome-palette-generator
├ ○ /color-tools/palette-comparison-tool
├ ○ /color-tools/palette-contrast-viewer
├ ○ /color-tools/palette-duplicate-finder
├ ○ /color-tools/palette-export-tool
├ ○ /color-tools/palette-merger
├ ○ /color-tools/palette-sorter
├ ○ /color-tools/pastel-palette-generator
├ ○ /color-tools/random-color-palette-generator
├ ○ /color-tools/rgb-to-cmyk-converter
├ ○ /color-tools/rgb-to-hex-converter
├ ○ /color-tools/rgb-to-hsl-converter
├ ○ /color-tools/shade-tint-tone-generator
├ ○ /color-tools/text-color-suggestion-tool
├ ○ /color-tools/warm-or-cool-color-detector
├ ○ /color-tools/web-safe-color-picker
├ ○ /contact
├ ○ /cron-expression-tools
├ ○ /cron-expression-tools/cron-expression-api-polling-webhooks
├ ○ /cron-expression-tools/cron-expression-aws-cloudwatch-events
├ ○ /cron-expression-tools/cron-expression-cheat-sheet
├ ○ /cron-expression-tools/cron-expression-data-sync-etl
├ ○ /cron-expression-tools/cron-expression-database-backups
├ ○ /cron-expression-tools/cron-expression-difference-checker
├ ○ /cron-expression-tools/cron-expression-editor-gui
├ ○ /cron-expression-tools/cron-expression-email-scheduling
├ ○ /cron-expression-tools/cron-expression-from-datetime-picker
├ ○ /cron-expression-tools/cron-expression-generator
├ ○ /cron-expression-tools/cron-expression-kubernetes-cronjobs
├ ○ /cron-expression-tools/cron-expression-log-rotation
├ ○ /cron-expression-tools/cron-expression-monitoring-alerts
├ ○ /cron-expression-tools/cron-expression-social-media-posting
├ ○ /cron-expression-tools/cron-expression-ssl-certificate-renewal
├ ○ /cron-expression-tools/cron-expression-tester-next-run-times
├ ○ /cron-expression-tools/cron-expression-validator-explainer
├ ○ /cron-expression-tools/cron-expression-wordpress-cron-jobs
├ ○ /cron-expression-tools/cron-to-english-translator
├ ○ /cron-expression-tools/english-to-cron-converter
├ ○ /css-tools
├ ○ /css-tools/animation-generator
├ ○ /css-tools/aspect-ratio-calculator
├ ○ /css-tools/background-noise-generator
├ ○ /css-tools/border-radius-generator
├ ○ /css-tools/box-shadow-generator
├ ○ /css-tools/clip-path-maker
├ ○ /css-tools/color-contrast-checker
├ ○ /css-tools/color-converter
├ ○ /css-tools/color-palette-generator
├ ○ /css-tools/css-button-generator
├ ○ /css-tools/css-calc-builder
├ ○ /css-tools/css-counter-generator
├ ○ /css-tools/css-filter-generator
├ ○ /css-tools/css-font-face-generator
├ ○ /css-tools/css-grid-generator
├ ○ /css-tools/css-loader-generator
├ ○ /css-tools/css-mesh-gradient-generator
├ ○ /css-tools/css-minifier
├ ○ /css-tools/css-pattern-generator
├ ○ /css-tools/css-playground
├ ○ /css-tools/css-shape-generator
├ ○ /css-tools/css-spacing-scale-generator
├ ○ /css-tools/css-specificity-calculator
├ ○ /css-tools/css-transition-previewer
├ ○ /css-tools/css-variable-extractor
├ ○ /css-tools/cubic-bezier-editor
├ ○ /css-tools/dark-mode-css-generator
├ ○ /css-tools/flexbox-playground
├ ○ /css-tools/fluid-space-calculator
├ ○ /css-tools/fluid-typography-calculator
├ ○ /css-tools/glassmorphism-generator
├ ○ /css-tools/google-fonts-pairing-tool
├ ○ /css-tools/gradient-generator
├ ○ /css-tools/letter-spacing-line-height-visualizer
├ ○ /css-tools/media-query-builder
├ ○ /css-tools/neumorphism-generator
├ ○ /css-tools/playground
├ ○ /css-tools/print-css-helper
├ ○ /css-tools/px-rem-converter
├ ○ /css-tools/scroll-snap-builder
├ ○ /css-tools/text-shadow-generator
├ ○ /css-tools/tint-shade-generator
├ ○ /css-tools/viewport-unit-converter
├ ○ /csv-tools
├ ○ /csv-tools/csv-cleaner
├ ○ /csv-tools/csv-column-extractor
├ ○ /csv-tools/csv-column-merger
├ ○ /csv-tools/csv-column-remover
├ ○ /csv-tools/csv-column-reorder
├ ○ /csv-tools/csv-column-splitter
├ ○ /csv-tools/csv-column-statistics
├ ○ /csv-tools/csv-data-normalizer
├ ○ /csv-tools/csv-deduplicator
├ ○ /csv-tools/csv-delimiter-converter
├ ○ /csv-tools/csv-duplicate-remover
├ ○ /csv-tools/csv-editor
├ ○ /csv-tools/csv-email-extractor
├ ○ /csv-tools/csv-file-merger
├ ○ /csv-tools/csv-formatter
├ ○ /csv-tools/csv-header-editor
├ ○ /csv-tools/csv-join-merge
├ ○ /csv-tools/csv-minifier
├ ○ /csv-tools/csv-pretty-print
├ ○ /csv-tools/csv-quote-escaper
├ ○ /csv-tools/csv-random-row-generator
├ ○ /csv-tools/csv-row-counter
├ ○ /csv-tools/csv-row-filter
├ ○ /csv-tools/csv-row-sorter
├ ○ /csv-tools/csv-sample-generator
├ ○ /csv-tools/csv-splitter
├ ○ /csv-tools/csv-to-array
├ ○ /csv-tools/csv-to-excel
├ ○ /csv-tools/csv-to-html
├ ○ /csv-tools/csv-to-json
├ ○ /csv-tools/csv-to-markdown
├ ○ /csv-tools/csv-to-sql
├ ○ /csv-tools/csv-to-text
├ ○ /csv-tools/csv-to-tsv
├ ○ /csv-tools/csv-to-xml
├ ○ /csv-tools/csv-to-yaml
├ ○ /csv-tools/csv-transpose
├ ○ /csv-tools/csv-unquote
├ ○ /csv-tools/csv-validator
├ ○ /csv-tools/csv-viewer
├ ○ /date-time-tools
├ ○ /date-time-tools/add-subtract-time
├ ○ /date-time-tools/age-calculator
├ ○ /date-time-tools/business-days-calculator
├ ○ /date-time-tools/calendar-generator
├ ○ /date-time-tools/countdown-timer
├ ○ /date-time-tools/date-calculator
├ ○ /date-time-tools/date-difference-in-units
├ ○ /date-time-tools/date-pattern-finder
├ ○ /date-time-tools/date-range-calculator
├ ○ /date-time-tools/day-counter
├ ○ /date-time-tools/day-of-week-finder
├ ○ /date-time-tools/leap-year-checker
├ ○ /date-time-tools/military-time-converter
├ ○ /date-time-tools/seconds-converter
├ ○ /date-time-tools/sunrise-sunset-calculator
├ ○ /date-time-tools/time-duration-calculator
├ ○ /date-time-tools/time-until-calculator
├ ○ /date-time-tools/week-number-calculator
├ ○ /design-tools
├ ○ /design-tools/favicon-generator
├ ○ /developer-tools
├ ○ /developer-tools/js-online-compiler
├ ○ /developer-tools/mock-data-generator
├ ○ /disclaimer
├ ○ /emoji-tools
├ ○ /emoji-tools/animated-emoji-gif-maker
├ ○ /emoji-tools/bulk-emoji-downloader
├ ○ /emoji-tools/emoji-art-generator
├ ○ /emoji-tools/emoji-background-remover
├ ○ /emoji-tools/emoji-calendar-date
├ ○ /emoji-tools/emoji-combiner-mixer
├ ○ /emoji-tools/emoji-counter
├ ○ /emoji-tools/emoji-font-generator
├ ○ /emoji-tools/emoji-keyboard-pc-mac
├ ○ /emoji-tools/emoji-kitchen-mashup
├ ○ /emoji-tools/emoji-password-generator
├ ○ /emoji-tools/emoji-picker-copy-paste
├ ○ /emoji-tools/emoji-prediction-trends
├ ○ /emoji-tools/emoji-quiz-game
├ ○ /emoji-tools/emoji-size-changer
├ ○ /emoji-tools/emoji-slider-scale
├ ○ /emoji-tools/emoji-style-converter
├ ○ /emoji-tools/emoji-to-text-converter
├ ○ /emoji-tools/emoji-translator-meaning
├ ○ /emoji-tools/emoji-word-cloud
├ ○ /emoji-tools/random-emoji-generator
├ ○ /encoding-tools
├ ○ /encoding-tools/ascii-code-converter
├ ○ /encoding-tools/base32-encoder-decoder
├ ○ /encoding-tools/base36-encoder-decoder
├ ○ /encoding-tools/base58-encoder-decoder
├ ○ /encoding-tools/base64-encoder-decoder
├ ○ /encoding-tools/base85-ascii85-encoder-decoder
├ ○ /encoding-tools/bcd-binary-coded-decimal-converter
├ ○ /encoding-tools/bcd-to-decimal-converter
├ ○ /encoding-tools/binary-encoder-decoder
├ ○ /encoding-tools/binhex-encoder-decoder
├ ○ /encoding-tools/data-uri-converter
├ ○ /encoding-tools/ebcdic-ascii-converter
├ ○ /encoding-tools/escape-unescape-string
├ ○ /encoding-tools/gray-code-encoder-decoder
├ ○ /encoding-tools/gzip-compress-decompress
├ ○ /encoding-tools/hamming-code-encoder-decoder
├ ○ /encoding-tools/hex-encoder-decoder
├ ○ /encoding-tools/manchester-code-encoder-decoder
├ ○ /encoding-tools/morse-code-translator
├ ○ /encoding-tools/percent-encoding-decoder
├ ○ /encoding-tools/punycode-encoder-decoder
├ ○ /encoding-tools/quoted-printable-encoder-decoder
├ ○ /encoding-tools/rot13-cipher-encoder-decoder
├ ○ /encoding-tools/unicode-character-encoder-decoder
├ ○ /encoding-tools/utf16-encoder-decoder
├ ○ /encoding-tools/utf7-encoder-decoder
├ ○ /encoding-tools/utf8-encoder-decoder
├ ○ /encoding-tools/uuencode-uudecode-tool
├ ○ /encoding-tools/xxencode-xxdecode-tool
├ ○ /encoding-tools/z85-base85-encoder-decoder
├ ○ /encryption-tools
├ ○ /encryption-tools/aes-encryption
├ ○ /encryption-tools/caesar-cipher
├ ○ /encryption-tools/crypto-address-validator
├ ○ /encryption-tools/diffie-hellman-simulator
├ ○ /encryption-tools/file-checksum-verifier
├ ○ /encryption-tools/gpg-simulator
├ ○ /encryption-tools/one-time-pad
├ ○ /encryption-tools/pgp-encryption
├ ○ /encryption-tools/rsa-key-generator
├ ○ /encryption-tools/ssl-certificate-decoder
├ ○ /encryption-tools/steganography-tool
├ ○ /encryption-tools/text-binary-encryptor
├ ○ /excel-tools
├ ○ /excel-tools/csv-to-excel-converter
├ ○ /excel-tools/excel-age-calculator
├ ○ /excel-tools/excel-chart-maker
├ ○ /excel-tools/excel-column-splitter
├ ○ /excel-tools/excel-combine-multiple-sheets
├ ○ /excel-tools/excel-compare-two-sheets
├ ○ /excel-tools/excel-conditional-formatting-tool
├ ○ /excel-tools/excel-duplicate-remover
├ ○ /excel-tools/excel-formula-extractor
├ ○ /excel-tools/excel-formula-generator
├ ○ /excel-tools/excel-json-to-csv-converter
├ ○ /excel-tools/excel-merge-cells-tool
├ ○ /excel-tools/excel-password-remover
├ ○ /excel-tools/excel-pivot-table-builder
├ ○ /excel-tools/excel-random-data-generator
├ ○ /excel-tools/excel-remove-blank-rows
├ ○ /excel-tools/excel-sort-data-tool
├ ○ /excel-tools/excel-text-to-columns-wizard
├ ○ /excel-tools/excel-to-pdf-converter
├ ○ /excel-tools/excel-vlookup-simulator
├ ○ /excel-tools/excel-xml-to-csv-converter
├ ○ /explore-all-tools
├ ○ /favourite-tools
├ ○ /font-tools
├ ○ /font-tools/animated-font-generator
├ ○ /font-tools/font-base64-encoder
├ ○ /font-tools/font-contrast-checker
├ ○ /font-tools/font-converter
├ ○ /font-tools/font-duplicate-finder
├ ○ /font-tools/font-generator
├ ○ /font-tools/font-identifier
├ ○ /font-tools/font-kerning-adjuster
├ ○ /font-tools/font-license-checker
├ ○ /font-tools/font-metadata-editor
├ ○ /font-tools/font-ocr-extractor
├ ○ /font-tools/font-pairing
├ ○ /font-tools/font-previewer
├ ○ /font-tools/font-similarity-finder
├ ○ /font-tools/font-size-calculator
├ ○ /font-tools/font-statistics-analyzer
├ ○ /font-tools/font-stress-tester
├ ○ /font-tools/font-style-transfer
├ ○ /font-tools/font-subsetter
├ ○ /font-tools/handwriting-font-maker
├ ○ /fun-tools
├ ○ /fun-tools/whatsapp-screen-shot-maker
├ ○ /hash-tools
├ ○ /hash-tools/argon2-hash-generator
├ ○ /hash-tools/base64-encoder-decoder-hash
├ ○ /hash-tools/bcrypt-hash-generator-verifier
├ ○ /hash-tools/crc32-hash-calculator
├ ○ /hash-tools/custom-salted-hash-generator
├ ○ /hash-tools/file-hash-calculator-multi-algorithm
├ ○ /hash-tools/hash-comparison-duplicate-finder
├ ○ /hash-tools/hash-identifier-tool
├ ○ /hash-tools/hash-to-hex-base64-converter
├ ○ /hash-tools/hmac-generator-keyed-hash
├ ○ /hash-tools/md5-hash-generator-checker
├ ○ /hash-tools/mysql-password-hash-generator
├ ○ /hash-tools/ntlm-hash-generator-cracker
├ ○ /hash-tools/password-hash-strength-analyzer
├ ○ /hash-tools/ripemd160-hash-generator
├ ○ /hash-tools/sha1-hash-generator-decrypter
├ ○ /hash-tools/sha256-hash-generator
├ ○ /hash-tools/sha3-hash-generator-keccak
├ ○ /hash-tools/sha512-hash-calculator
├ ○ /hash-tools/whirlpool-hash-generator
├ ○ /hex-tools
├ ○ /hex-tools/binary-to-hex-converter
├ ○ /hex-tools/decimal-to-hex-converter
├ ○ /hex-tools/hex-addition-subtraction-calculator
├ ○ /hex-tools/hex-diff-compare-tool
├ ○ /hex-tools/hex-file-checksum-calculator
├ ○ /hex-tools/hex-memory-address-calculator
├ ○ /hex-tools/hex-string-validator-formatter
├ ○ /hex-tools/hex-to-ascii-table-generator
├ ○ /hex-tools/hex-to-base64-encoder-decoder
├ ○ /hex-tools/hex-to-binary-converter
├ ○ /hex-tools/hex-to-decimal-converter
├ ○ /hex-tools/hex-to-float-double-converter
├ ○ /hex-tools/hex-to-ipv4-ipv6-address-converter
├ ○ /hex-tools/hex-to-octal-converter
├ ○ /hex-tools/hex-to-rgb-color-converter
├ ○ /hex-tools/hex-to-text-converter
├ ○ /hex-tools/hex-to-utf8-string-decoder
├ ○ /hex-tools/hex-xor-calculator
├ ○ /hex-tools/octal-to-hex-converter
├ ○ /hex-tools/rgb-to-hex-color-converter
├ ○ /hex-tools/text-to-hex-converter
├ ○ /html-tools
├ ○ /html-tools/html-base64-image-encoder
├ ○ /html-tools/html-color-picker-generator
├ ○ /html-tools/html-comment-remover-extractor
├ ○ /html-tools/html-diff-checker-comparator
├ ○ /html-tools/html-email-template-builder
├ ○ /html-tools/html-entity-encoder-decoder
├ ○ /html-tools/html-escape-unescape
├ ○ /html-tools/html-formatter-beautifier
├ ○ /html-tools/html-image-map-generator
├ ○ /html-tools/html-link-extractor-checker
├ ○ /html-tools/html-meta-tag-generator
├ ○ /html-tools/html-sitemap-generator
├ ○ /html-tools/html-special-characters-library
├ ○ /html-tools/html-table-generator
├ ○ /html-tools/html-tag-remover-stripper
├ ○ /html-tools/html-to-json-converter
├ ○ /html-tools/html-to-pdf-converter
├ ○ /html-tools/html-validator-linter
├ ○ /icon-tools
├ ○ /icon-tools/3d-icon-generator-from-text
├ ○ /icon-tools/accessibility-icon-checker-color-contrast
├ ○ /icon-tools/animated-gif-to-icon-converter
├ ○ /icon-tools/animated-svg-icon-creator
├ ○ /icon-tools/favicon-generator-from-image
├ ○ /icon-tools/free-icon-maker-online
├ ○ /icon-tools/icon-background-remover-transparent
├ ○ /icon-tools/icon-color-changer-palette-tool
├ ○ /icon-tools/icon-file-format-converter-all-types
├ ○ /icon-tools/icon-font-generator-from-svg
├ ○ /icon-tools/icon-metadata-editor-optimizer
├ ○ /icon-tools/icon-resizer-for-android-ios
├ ○ /icon-tools/icon-search-engine-duplicate-finder
├ ○ /icon-tools/icon-style-transfer-artistic-filters
├ ○ /icon-tools/material-design-icon-finder
├ ○ /icon-tools/pixel-art-icon-creator-editor
├ ○ /icon-tools/png-to-ico-converter-online
├ ○ /icon-tools/social-media-icon-pack-generator
├ ○ /icon-tools/svg-to-png-icon-converter
├ ○ /icon-tools/vector-icon-tracer-image-to-svg
├ ○ /image-tool
├ ○ /image-tools
├ ○ /image-tools/add-watermark-on-image
├ ○ /image-tools/background-remover
├ ○ /image-tools/blur-image
├ ○ /image-tools/crop-image
├ ○ /image-tools/get-text-from-image
├ ○ /image-tools/image-compressor
├ ○ /image-tools/image-editor
├ ○ /image-tools/image-filters
├ ○ /image-tools/image-format-conversions
├ ○ /image-tools/image-to-gif
├ ○ /image-tools/image-to-pdf
├ ○ /image-tools/pick-color-code-from-image
├ ○ /image-tools/resize-image-dimensions
├ ○ /image-tools/sharpen-image
├ ○ /javascript-tools
├ ○ /javascript-tools/base64-encoder-decoder-javascript
├ ○ /javascript-tools/javascript-array-object-sorter
├ ○ /javascript-tools/javascript-beautifier-formatter
├ ○ /javascript-tools/javascript-character-word-counter
├ ○ /javascript-tools/javascript-color-converter-picker
├ ○ /javascript-tools/javascript-csv-json-converter
├ ○ /javascript-tools/javascript-date-time-converter
├ ○ /javascript-tools/javascript-diff-checker-comparator
├ ○ /javascript-tools/javascript-encryption-decryption-tool
├ ○ /javascript-tools/javascript-function-code-generator
├ ○ /javascript-tools/javascript-image-base64-data-url-converter
├ ○ /javascript-tools/javascript-linter-code-quality-checker
├ ○ /javascript-tools/javascript-obfuscator-protector
├ ○ /javascript-tools/javascript-object-json-converter
├ ○ /javascript-tools/javascript-regex-tester-debugger
├ ○ /javascript-tools/javascript-string-escape-unescape
├ ○ /javascript-tools/javascript-unit-test-assertion-generator
├ ○ /javascript-tools/javascript-url-parser-query-string-builder
├ ○ /javascript-tools/json-validator-formatter
├ ○ /json-tools
├ ○ /json-tools/add-id-to-json
├ ○ /json-tools/csv-to-json
├ ○ /json-tools/jmespath-query
├ ○ /json-tools/json-api-error-formatter
├ ○ /json-tools/json-api-formatter
├ ○ /json-tools/json-api-response-generator
├ ○ /json-tools/json-array-generator
├ ○ /json-tools/json-array-object-counter
├ ○ /json-tools/json-axios-code-generator
├ ○ /json-tools/json-base64
├ ○ /json-tools/json-config-validator
├ ○ /json-tools/json-datetime-generator
├ ○ /json-tools/json-depth-analyzer
├ ○ /json-tools/json-diff
├ ○ /json-tools/json-duplicate-key-finder
├ ○ /json-tools/json-empty-field-finder
├ ○ /json-tools/json-encode-decode
├ ○ /json-tools/json-enum-generator
├ ○ /json-tools/json-env-converter
├ ○ /json-tools/json-error-explanation
├ ○ /json-tools/json-escape-unescape
├ ○ /json-tools/json-explainer
├ ○ /json-tools/json-extract-subjson
├ ○ /json-tools/json-fetch-code-generator
├ ○ /json-tools/json-filter
├ ○ /json-tools/json-flatten
├ ○ /json-tools/json-formatter-beautifier
├ ○ /json-tools/json-jwt-decoder
├ ○ /json-tools/json-key-extractor
├ ○ /json-tools/json-key-frequency
├ ○ /json-tools/json-key-value-extractor
├ ○ /json-tools/json-linter
├ ○ /json-tools/json-map-reduce
├ ○ /json-tools/json-merge
├ ○ /json-tools/json-minifier
├ ○ /json-tools/json-nested-structure
├ ○ /json-tools/json-obfuscator
├ ○ /json-tools/json-pagination-generator
├ ○ /json-tools/json-patch-generator
├ ○ /json-tools/json-playground
├ ○ /json-tools/json-pretty-print
├ ○ /json-tools/json-random-object
├ ○ /json-tools/json-remove-keys
├ ○ /json-tools/json-rename-keys
├ ○ /json-tools/json-schema-example-generator
├ ○ /json-tools/json-schema-validator
├ ○ /json-tools/json-sensitive-data-maser
├ ○ /json-tools/json-size-calculator
├ ○ /json-tools/json-sorter
├ ○ /json-tools/json-step-by-step-parser
├ ○ /json-tools/json-stringify-parse
├ ○ /json-tools/json-structure-visualizer
├ ○ /json-tools/json-to-csharp
├ ○ /json-tools/json-to-csv
├ ○ /json-tools/json-to-excel
├ ○ /json-tools/json-to-go
├ ○ /json-tools/json-to-graphql
├ ○ /json-tools/json-to-java
├ ○ /json-tools/json-to-javascript
├ ○ /json-tools/json-to-kotlin
├ ○ /json-tools/json-to-markdown-table
├ ○ /json-tools/json-to-mongodb
├ ○ /json-tools/json-to-php
├ ○ /json-tools/json-to-python
├ ○ /json-tools/json-to-sql-insert
├ ○ /json-tools/json-to-swift
├ ○ /json-tools/json-to-text
├ ○ /json-tools/json-to-tsv
├ ○ /json-tools/json-to-typescript
├ ○ /json-tools/json-to-xml
├ ○ /json-tools/json-to-yaml
├ ○ /json-tools/json-transformer
├ ○ /json-tools/json-unflatten
├ ○ /json-tools/json-validator
├ ○ /json-tools/json-value-search
├ ○ /json-tools/json-viewer
├ ○ /json-tools/jsonpath-query
├ ○ /json-tools/xml-to-json
├ ○ /json-tools/yaml-to-json
├ ○ /jwt-tools
├ ○ /jwt-tools/jwt-algorithm-converter-switcher
├ ○ /jwt-tools/jwt-base64-url-encoder-decoder
├ ○ /jwt-tools/jwt-claim-extractor-formatter
├ ○ /jwt-tools/jwt-debugger-tester
├ ○ /jwt-tools/jwt-decoder-validator
├ ○ /jwt-tools/jwt-expiry-checker-timestamp-converter
├ ○ /jwt-tools/jwt-generator-signer
├ ○ /jwt-tools/jwt-public-key-extractor-jwk-generator
├ ○ /jwt-tools/jwt-secret-key-generator
├ ○ /jwt-tools/jwt-to-curl-command-generator
├ ○ /jwt-tools/jwt-token-builder-templates
├ ○ /jwt-tools/jwt-token-diff-compare
├ ○ /jwt-tools/jwt-token-lifespan-renewal-simulator
├ ○ /jwt-tools/jwt-token-scrambler-obfuscator
├ ○ /jwt-tools/jwt-token-size-calculator-optimizer
├ ○ /jwt-tools/jwt-token-storage-viewer
├ ○ /markdown-tools
├ ○ /markdown-tools/html-to-markdown-converter
├ ○ /markdown-tools/markdown-cheat-sheet-generator
├ ○ /markdown-tools/markdown-code-block-formatter
├ ○ /markdown-tools/markdown-diff-checker
├ ○ /markdown-tools/markdown-escape-tool
├ ○ /markdown-tools/markdown-front-matter-editor
├ ○ /markdown-tools/markdown-image-syntax-generator
├ ○ /markdown-tools/markdown-link-generator
├ ○ /markdown-tools/markdown-linter-formatter
├ ○ /markdown-tools/markdown-preview-editor
├ ○ /markdown-tools/markdown-table-generator
├ ○ /markdown-tools/markdown-table-of-contents-generator
├ ○ /markdown-tools/markdown-task-list-generator
├ ○ /markdown-tools/markdown-to-html-converter
├ ○ /markdown-tools/markdown-to-jira-converter
├ ○ /markdown-tools/markdown-to-json-converter
├ ○ /markdown-tools/markdown-to-notion-converter
├ ○ /markdown-tools/markdown-to-pdf-converter
├ ○ /markdown-tools/markdown-to-slack-converter
├ ○ /markdown-tools/markdown-to-wordpress-html-converter
├ ○ /markdown-tools/markdown-word-counter
├ ○ /math-tools
├ ○ /math-tools/2d-function-plotter
├ ○ /math-tools/absolute-value-calculator
├ ○ /math-tools/age-calculator
├ ○ /math-tools/angle-calculator
├ ○ /math-tools/angle-elevation-depression-solver
├ ○ /math-tools/annuity-calculator
├ ○ /math-tools/antilogarithm-calculator
├ ○ /math-tools/area-calculator
├ ○ /math-tools/area-converter
├ ○ /math-tools/arithmetic-sequence-calculator
├ ○ /math-tools/arithmetic-series-calculator
├ ○ /math-tools/armstrong-number-checker
├ ○ /math-tools/average-calculator
├ ○ /math-tools/bar-chart-builder
├ ○ /math-tools/big-number-calculator
├ ○ /math-tools/binary-arithmetic-calculator
├ ○ /math-tools/binomial-expansion-calculator
├ ○ /math-tools/bitwise-operations-calculator
├ ○ /math-tools/boolean-expression-evaluator
├ ○ /math-tools/box-plot-generator
├ ○ /math-tools/break-even-point-calculator
├ ○ /math-tools/cartesian-product-calculator
├ ○ /math-tools/circle-calculator
├ ○ /math-tools/combination-calculator
├ ○ /math-tools/complement-of-set-calculator
├ ○ /math-tools/compound-interest-calculator
├ ○ /math-tools/confidence-interval-calculator
├ ○ /math-tools/coordinate-geometry-calculator
├ ○ /math-tools/coordinate-plane-plotter
├ ○ /math-tools/correlation-coefficient-calculator
├ ○ /math-tools/currency-exchange-calculator
├ ○ /math-tools/data-storage-converter
├ ○ /math-tools/date-arithmetic-calculator
├ ○ /math-tools/date-difference-calculator
├ ○ /math-tools/day-of-week-calculator
├ ○ /math-tools/days-until-since-calculator
├ ○ /math-tools/decimal-to-fraction-converter
├ ○ /math-tools/definite-integral-calculator
├ ○ /math-tools/degrees-radians-converter
├ ○ /math-tools/derivative-calculator
├ ○ /math-tools/dice-roller
├ ○ /math-tools/difference-of-sets-calculator
├ ○ /math-tools/digit-sum-calculator
├ ○ /math-tools/discount-markup-calculator
├ ○ /math-tools/distance-between-two-points-calculator
├ ○ /math-tools/divisibility-check-2-20
├ ○ /math-tools/divisibility-checker
├ ○ /math-tools/eigenvalue-calculator
├ ○ /math-tools/emi-loan-calculator
├ ○ /math-tools/energy-converter
├ ○ /math-tools/equation-balancer
├ ○ /math-tools/estimation-rounding-tool
├ ○ /math-tools/eulers-totient-calculator
├ ○ /math-tools/expand-simplify-binomials
├ ○ /math-tools/exponent-calculator
├ ○ /math-tools/factor-calculator
├ ○ /math-tools/factorial-calculator
├ ○ /math-tools/factors-list-generator
├ ○ /math-tools/fibonacci-generator
├ ○ /math-tools/five-number-summary-calculator
├ ○ /math-tools/fraction-calculator
├ ○ /math-tools/fraction-to-decimal-converter
├ ○ /math-tools/frequency-distribution-table
├ ○ /math-tools/future-value-calculator
├ ○ /math-tools/gcd-hcf-calculator
├ ○ /math-tools/geometric-mean-calculator
├ ○ /math-tools/geometric-sequence-calculator
├ ○ /math-tools/geometric-series-calculator
├ ○ /math-tools/gpa-calculator
├ ○ /math-tools/gradient-slope-calculator
├ ○ /math-tools/harmonic-mean-calculator
├ ○ /math-tools/harmonic-series-calculator
├ ○ /math-tools/histogram-generator
├ ○ /math-tools/identity-matrix-generator
├ ○ /math-tools/inequality-solver
├ ○ /math-tools/intersection-of-sets-calculator
├ ○ /math-tools/inverse-trig-calculator
├ ○ /math-tools/law-of-cosines-calculator
├ ○ /math-tools/law-of-sines-calculator
├ ○ /math-tools/lcm-calculator
├ ○ /math-tools/leap-year-checker
├ ○ /math-tools/length-converter
├ ○ /math-tools/limit-calculator
├ ○ /math-tools/line-graph-builder
├ ○ /math-tools/linear-equation-solver
├ ○ /math-tools/linear-regression-calculator
├ ○ /math-tools/logarithm-calculator
├ ○ /math-tools/logic-gate-simulator
├ ○ /math-tools/long-division-calculator
├ ○ /math-tools/long-multiplication-calculator
├ ○ /math-tools/magic-square-generator
├ ○ /math-tools/matrix-addition-subtraction-calculator
├ ○ /math-tools/matrix-determinant-calculator
├ ○ /math-tools/matrix-inverse-calculator
├ ○ /math-tools/matrix-multiplication-calculator
├ ○ /math-tools/matrix-rank-calculator
├ ○ /math-tools/matrix-trace-calculator
├ ○ /math-tools/matrix-transpose-calculator
├ ○ /math-tools/mean-median-mode-calculator
├ ○ /math-tools/midpoint-calculator
├ ○ /math-tools/mixed-number-calculator
├ ○ /math-tools/modular-arithmetic-calculator
├ ○ /math-tools/modulo-calculator
├ ○ /math-tools/multiplication-table
├ ○ /math-tools/normal-distribution-calculator
├ ○ /math-tools/nth-term-finder
├ ○ /math-tools/number-base-converter
├ ○ /math-tools/number-line-visualizer
├ ○ /math-tools/number-sorter
├ ○ /math-tools/number-word-converter
├ ○ /math-tools/order-of-operations-solver
├ ○ /math-tools/outlier-detector
├ ○ /math-tools/palindrome-number-checker
├ ○ /math-tools/pascals-triangle-generator
├ ○ /math-tools/percentage-calculator
├ ○ /math-tools/percentage-change-calculator
├ ○ /math-tools/perfect-number-checker
├ ○ /math-tools/perimeter-calculator
├ ○ /math-tools/permutation-calculator
├ ○ /math-tools/pi-digit-generator
├ ○ /math-tools/pie-bar-chart-generator
├ ○ /math-tools/pie-chart-builder
├ ○ /math-tools/polygon-interior-angle-sum-calculator
├ ○ /math-tools/polynomial-evaluator
├ ○ /math-tools/power-set-generator
├ ○ /math-tools/present-value-calculator
├ ○ /math-tools/pressure-converter
├ ○ /math-tools/prime-factorization-calculator
├ ○ /math-tools/prime-number-checker
├ ○ /math-tools/probability-calculator
├ ○ /math-tools/profit-loss-calculator
├ ○ /math-tools/pythagorean-theorem-calculator
├ ○ /math-tools/quadratic-equation-solver
├ ○ /math-tools/random-number-generator
├ ○ /math-tools/ratio-calculator
├ ○ /math-tools/reverse-number
├ ○ /math-tools/riemann-sum-calculator
├ ○ /math-tools/right-triangle-calculator
├ ○ /math-tools/roi-calculator
├ ○ /math-tools/roman-numeral-converter
├ ○ /math-tools/rounding-calculator
├ ○ /math-tools/sales-tax-vat-calculator
├ ○ /math-tools/scalar-multiplication-calculator
├ ○ /math-tools/scatter-plot-generator
├ ○ /math-tools/scientific-calculator
├ ○ /math-tools/scientific-notation-converter
├ ○ /math-tools/significant-figures-calculator
├ ○ /math-tools/simple-interest-calculator
├ ○ /math-tools/simplify-expression
├ ○ /math-tools/slope-calculator
├ ○ /math-tools/speed-converter
├ ○ /math-tools/square-root-calculator
├ ○ /math-tools/standard-calculator
├ ○ /math-tools/standard-deviation-variance-calculator
├ ○ /math-tools/subset-checker
├ ○ /math-tools/sudoku-validator
├ ○ /math-tools/surface-area-calculator
├ ○ /math-tools/system-of-equations-solver
├ ○ /math-tools/tangent-line-calculator
├ ○ /math-tools/taylor-series-approximation
├ ○ /math-tools/temperature-converter
├ ○ /math-tools/time-converter
├ ○ /math-tools/time-duration-calculator
├ ○ /math-tools/tip-calculator
├ ○ /math-tools/triangle-solver
├ ○ /math-tools/trig-function-calculator
├ ○ /math-tools/trig-identity-verifier
├ ○ /math-tools/truth-table-generator
├ ○ /math-tools/twos-complement-calculator
├ ○ /math-tools/union-of-sets-calculator
├ ○ /math-tools/unit-circle-reference
├ ○ /math-tools/venn-diagram-tool
├ ○ /math-tools/volume-calculator
├ ○ /math-tools/volume-converter
├ ○ /math-tools/weight-converter
├ ○ /math-tools/weighted-average-calculator
├ ○ /math-tools/z-score-calculator
├ ○ /minifier-tools
├ ○ /minifier-tools/base64-minifier
├ ○ /minifier-tools/bulk-file-minifier
├ ○ /minifier-tools/cli-minifier-generator
├ ○ /minifier-tools/code-beautifier
├ ○ /minifier-tools/code-minifier
├ ○ /minifier-tools/css-js-combined-minifier
├ ○ /minifier-tools/css-minifier
├ ○ /minifier-tools/html-inline-css-js-minifier
├ ○ /minifier-tools/html-minifier
├ ○ /minifier-tools/javascript-minifier
├ ○ /minifier-tools/json-minifier
├ ○ /minifier-tools/minification-analyzer
├ ○ /minifier-tools/minified-diff-viewer
├ ○ /minifier-tools/php-minifier
├ ○ /minifier-tools/real-time-minifier
├ ○ /minifier-tools/sql-minifier
├ ○ /minifier-tools/svg-minifier
├ ○ /minifier-tools/text-minifier
├ ○ /minifier-tools/wordpress-minifier
├ ○ /minifier-tools/xml-minifier
├ ○ /number-tools
├ ○ /number-tools/binary-decimal-hex-converter
├ ○ /number-tools/currency-formatter
├ ○ /number-tools/divisibility-tester
├ ○ /number-tools/factorial-calculator
├ ○ /number-tools/gcf-calculator
├ ○ /number-tools/number-base-calculator
├ ○ /number-tools/number-pattern-generator
├ ○ /number-tools/number-sequence-solver
├ ○ /number-tools/number-sorter
├ ○ /number-tools/number-to-time-converter
├ ○ /number-tools/number-to-words-converter
├ ○ /number-tools/palindrome-number-checker
├ ○ /number-tools/percentage-calculator
├ ○ /number-tools/phone-number-formatter
├ ○ /number-tools/prime-number-checker
├ ○ /number-tools/random-number-generator
├ ○ /number-tools/roman-numeral-converter
├ ○ /number-tools/rounding-calculator
├ ○ /number-tools/scientific-notation-converter
├ ○ /number-tools/unit-converter
├ ○ /password-tools
├ ○ /password-tools/password-ascii-art-generator
├ ○ /password-tools/password-audit-report
├ ○ /password-tools/password-csv-to-json-converter
├ ○ /password-tools/password-disguiser
├ ○ /password-tools/password-entropy-calculator
├ ○ /password-tools/password-expiry-reminder
├ ○ /password-tools/password-game
├ ○ /password-tools/password-generator
├ ○ /password-tools/password-hash-generator
├ ○ /password-tools/password-history-generator
├ ○ /password-tools/password-keyboard-walk-analyzer
├ ○ /password-tools/password-leak-checker
├ ○ /password-tools/password-manager
├ ○ /password-tools/password-mnemonic-creator
├ ○ /password-tools/password-pattern-generator
├ ○ /password-tools/password-policy-generator
├ ○ /password-tools/password-pronunciation-generator
├ ○ /password-tools/password-regex-tester
├ ○ /password-tools/password-sharing-tool
├ ○ /password-tools/password-strength-checker
├ ○ /password-tools/password-time-to-crack-estimator
├ ○ /physics-tools
├ ○ /physics-tools/bernoulli-equation-calculator
├ ○ /physics-tools/blackbody-radiation-calculator
├ ○ /physics-tools/capacitance-calculator
├ ○ /physics-tools/center-of-mass-calculator
├ ○ /physics-tools/coulombs-law-calculator
├ ○ /physics-tools/doppler-effect-calculator
├ ○ /physics-tools/gravitational-potential-energy-calculator
├ ○ /physics-tools/half-life-calculator
├ ○ /physics-tools/kinetic-energy-calculator
├ ○ /physics-tools/lens-maker-equation-calculator
├ ○ /physics-tools/mach-number-calculator
├ ○ /physics-tools/magnetic-force-on-wire-calculator
├ ○ /physics-tools/ohms-law-calculator
├ ○ /physics-tools/photoelectric-effect-calculator
├ ○ /physics-tools/physics-calculator
├ ○ /physics-tools/projectile-motion-simulator
├ ○ /physics-tools/reynolds-number-calculator
├ ○ /physics-tools/simple-harmonic-motion-calculator
├ ○ /physics-tools/snells-law-calculator
├ ○ /physics-tools/thermal-expansion-calculator
├ ○ /privacy-policy
├ ○ /qr-code-tools
├ ○ /qr-code-tools/bulk-qr-code-generator
├ ○ /qr-code-tools/dynamic-qr-code-generator
├ ○ /qr-code-tools/qr-code-analytics-tracker
├ ○ /qr-code-tools/qr-code-app-store
├ ○ /qr-code-tools/qr-code-augmented-reality
├ ○ /qr-code-tools/qr-code-calendar-event
├ ○ /qr-code-tools/qr-code-color-picker
├ ○ /qr-code-tools/qr-code-coupon-generator
├ ○ /qr-code-tools/qr-code-crypto-address
├ ○ /qr-code-tools/qr-code-document-download
├ ○ /qr-code-tools/qr-code-email-generator
├ ○ /qr-code-tools/qr-code-error-correction
├ ○ /qr-code-tools/qr-code-event-ticket
├ ○ /qr-code-tools/qr-code-feedback-form
├ ○ /qr-code-tools/qr-code-file-size-optimizer
├ ○ /qr-code-tools/qr-code-for-crypto-payment
├ ○ /qr-code-tools/qr-code-for-pdf
├ ○ /qr-code-tools/qr-code-for-whatsapp
├ ○ /qr-code-tools/qr-code-for-wifi
├ ○ /qr-code-tools/qr-code-frame-border-designer
├ ○ /qr-code-tools/qr-code-generator
├ ○ /qr-code-tools/qr-code-google-maps
├ ○ /qr-code-tools/qr-code-link-shortener
├ ○ /qr-code-tools/qr-code-paypal
├ ○ /qr-code-tools/qr-code-phone-call
├ ○ /qr-code-tools/qr-code-restaurant-menu
├ ○ /qr-code-tools/qr-code-scanner
├ ○ /qr-code-tools/qr-code-sms-generator
├ ○ /qr-code-tools/qr-code-social-media
├ ○ /qr-code-tools/qr-code-spotify
├ ○ /qr-code-tools/qr-code-to-pdf
├ ○ /qr-code-tools/qr-code-to-text-decoder
├ ○ /qr-code-tools/qr-code-vcard-generator
├ ○ /qr-code-tools/qr-code-with-logo-generator
├ ○ /qr-code-tools/qr-code-youtube
├ ○ /robots.txt
├ ○ /seo-tools
├ ○ /seo-tools/site-seo-auditor
├ ○ /simulators
├ ○ /simulators/bacteria-growth-simulator
├ ○ /sitemap.xml
├ ○ /sql-tools
├ ○ /sql-tools/csv-to-sql-converter-inserts
├ ○ /sql-tools/json-to-sql-converter
├ ○ /sql-tools/sql-case-converter-upper-lower-proper
├ ○ /sql-tools/sql-date-function-playground
├ ○ /sql-tools/sql-diff-compare-schemas-queries
├ ○ /sql-tools/sql-escape-unescape-tool
├ ○ /sql-tools/sql-execution-plan-visualizer
├ ○ /sql-tools/sql-formatter-beautifier
├ ○ /sql-tools/sql-index-advisor-suggest-tool
├ ○ /sql-tools/sql-join-types-visualizer
├ ○ /sql-tools/sql-password-hash-generator-md5-sha
├ ○ /sql-tools/sql-query-parser-tokenizer
├ ○ /sql-tools/sql-query-to-csv-export
├ ○ /sql-tools/sql-query-validator-syntax-checker
├ ○ /sql-tools/sql-random-data-generator
├ ○ /sql-tools/sql-regular-expression-tester-regexp
├ ○ /sql-tools/sql-stored-procedure-generator
├ ○ /sql-tools/sql-to-json-converter
├ ○ /sql-tools/sqlite-viewer-online
├ ○ /sql-tools/visual-sql-query-builder
├ ○ /statistics-tools
├ ○ /statistics-tools/ab-test-significance-calculator
├ ○ /statistics-tools/anova-calculator
├ ○ /statistics-tools/binomial-distribution-calculator
├ ○ /statistics-tools/box-plot-generator
├ ○ /statistics-tools/chi-square-test-calculator
├ ○ /statistics-tools/confidence-interval-calculator
├ ○ /statistics-tools/correlation-calculator
├ ○ /statistics-tools/descriptive-statistics-calculator
├ ○ /statistics-tools/histogram-maker
├ ○ /statistics-tools/linear-regression-calculator
├ ○ /statistics-tools/normal-distribution-calculator
├ ○ /statistics-tools/outlier-detector
├ ○ /statistics-tools/p-value-calculator
├ ○ /statistics-tools/permutation-combination-calculator
├ ○ /statistics-tools/probability-calculator
├ ○ /statistics-tools/sample-size-calculator-surveys
├ ○ /statistics-tools/standard-deviation-calculator
├ ○ /statistics-tools/statistical-power-calculator
├ ○ /statistics-tools/t-test-calculator
├ ○ /statistics-tools/z-score-calculator
├ ○ /string-tools
├ ○ /string-tools/string-reverse
├ ○ /string-tools/text-case-converter
├ ○ /string-tools/text-compare-diff-checker
├ ○ /string-tools/word-counter-character-counter
├ ○ /svg-tools
├ ○ /svg-tools/animated-svg-lottie-player-validator
├ ○ /svg-tools/base64-to-svg-decoder
├ ○ /svg-tools/svg-background-remover
├ ○ /svg-tools/svg-color-changer
├ ○ /svg-tools/svg-comparison-diff-tool
├ ○ /svg-tools/svg-editor-online
├ ○ /svg-tools/svg-font-to-path-converter
├ ○ /svg-tools/svg-gradient-generator-editor
├ ○ /svg-tools/svg-merge-tool
├ ○ /svg-tools/svg-metadata-viewer-remover
├ ○ /svg-tools/svg-path-editor-simplifier
├ ○ /svg-tools/svg-pattern-generator
├ ○ /svg-tools/svg-splitter-extractor
├ ○ /svg-tools/svg-to-base64-encoder
├ ○ /svg-tools/svg-to-ico-converter
├ ○ /svg-tools/svg-to-jpg-converter
├ ○ /svg-tools/svg-to-pdf-converter
├ ○ /svg-tools/svg-to-png-converter
├ ○ /svg-tools/svg-to-webp-converter
├ ○ /svg-tools/svg-viewer-inspector
├ ○ /terms
├ ○ /test
├ ○ /text-tools
├ ○ /text-tools/case-converter
├ ○ /text-tools/character-counter
├ ○ /text-tools/duplicate-word-remover
├ ○ /text-tools/find-and-replace-text
├ ○ /text-tools/lorem-ipsum-generator
├ ○ /text-tools/random-text-shuffler
├ ○ /text-tools/remove-duplicate-lines
├ ○ /text-tools/sentence-counter
├ ○ /text-tools/string-length-calculator
├ ○ /text-tools/text-differ
├ ○ /text-tools/text-line-sorter
├ ○ /text-tools/text-repeater
├ ○ /text-tools/text-reverser
├ ○ /text-tools/text-size-calculator
├ ○ /text-tools/text-to-binary-converter
├ ○ /text-tools/text-to-hashtags-generator
├ ○ /text-tools/text-to-list-converter
├ ○ /text-tools/text-to-slug-converter
├ ○ /text-tools/whitespace-remover
├ ○ /text-tools/word-counter
├ ○ /text-tools/word-frequency-counter
├ ○ /timestamp-tools
├ ○ /timestamp-tools/add-subtract-time-timestamp
├ ○ /timestamp-tools/batch-timestamp-converter
├ ○ /timestamp-tools/countdown-timer-from-timestamp
├ ○ /timestamp-tools/current-unix-timestamp
├ ○ /timestamp-tools/discord-timestamp-generator
├ ○ /timestamp-tools/epoch-timestamp-generator
├ ○ /timestamp-tools/file-timestamp-converter
├ ○ /timestamp-tools/gps-timestamp-converter
├ ○ /timestamp-tools/human-date-to-timestamp
├ ○ /timestamp-tools/iso-8601-timestamp-converter
├ ○ /timestamp-tools/leap-year-timestamp-calculator
├ ○ /timestamp-tools/milliseconds-timestamp-converter
├ ○ /timestamp-tools/random-timestamp-generator
├ ○ /timestamp-tools/rfc-timestamp-converter
├ ○ /timestamp-tools/social-media-timestamp-converter
├ ○ /timestamp-tools/timestamp-difference-calculator
├ ○ /timestamp-tools/timestamp-to-readable-date
├ ○ /timestamp-tools/timestamp-validator-formatter
├ ○ /timestamp-tools/timezone-timestamp-converter
├ ○ /timestamp-tools/unix-timestamp-converter
├ ○ /timezone-tools
├ ○ /timezone-tools/add-subtract-time-across-zones-calculator
├ ○ /timezone-tools/country-time-zone-list-current-time-finder
├ ○ /timezone-tools/daylight-saving-time-calculator-schedule
├ ○ /timezone-tools/flight-time-time-zone-arrival-calculator
├ ○ /timezone-tools/historical-time-zone-converter
├ ○ /timezone-tools/international-phone-call-time-finder
├ ○ /timezone-tools/live-countdown-timer-across-time-zones
├ ○ /timezone-tools/meeting-planner-across-time-zones
├ ○ /timezone-tools/military-time-converter-24-hour-clock
├ ○ /timezone-tools/time-zone-abbreviation-lookup-decoder
├ ○ /timezone-tools/time-zone-difference-calculator
├ ○ /timezone-tools/timezone-database-iana-lookup
├ ○ /timezone-tools/timezone-map-visual-finder
├ ○ /timezone-tools/timezone-widget-clock-embed-generator
├ ○ /timezone-tools/world-clock-time-zone-converter
├ ○ /toml-tools
├ ○ /toml-tools/csv-to-toml-converter
├ ○ /toml-tools/env-to-toml-converter
├ ○ /toml-tools/ini-to-toml-converter
├ ○ /toml-tools/json-to-toml-converter
├ ○ /toml-tools/properties-to-toml-converter
├ ○ /toml-tools/toml-beautifier-formatter
├ ○ /toml-tools/toml-comment-remover
├ ○ /toml-tools/toml-diff-compare
├ ○ /toml-tools/toml-key-value-extractor
├ ○ /toml-tools/toml-merge-tool
├ ○ /toml-tools/toml-minifier-compressor
├ ○ /toml-tools/toml-schema-generator-validator
├ ○ /toml-tools/toml-to-csharp-class-generator
├ ○ /toml-tools/toml-to-csv-converter
├ ○ /toml-tools/toml-to-env-converter
├ ○ /toml-tools/toml-to-go-struct-converter
├ ○ /toml-tools/toml-to-ini-converter
├ ○ /toml-tools/toml-to-java-properties-converter
├ ○ /toml-tools/toml-to-javascript-object-converter
├ ○ /toml-tools/toml-to-json-converter
├ ○ /toml-tools/toml-to-markdown-table-converter
├ ○ /toml-tools/toml-to-php-array-converter
├ ○ /toml-tools/toml-to-properties-converter
├ ○ /toml-tools/toml-to-python-dictionary-converter
├ ○ /toml-tools/toml-to-ruby-hash-converter
├ ○ /toml-tools/toml-to-rust-struct-generator
├ ○ /toml-tools/toml-to-sql-converter
├ ○ /toml-tools/toml-to-typescript-interface-generator
├ ○ /toml-tools/toml-to-xml-converter
├ ○ /toml-tools/toml-to-yaml-converter
├ ○ /toml-tools/toml-validator-linter
├ ○ /toml-tools/xml-to-toml-converter
├ ○ /typography-tools
├ ○ /typography-tools/font-pairing-tool
├ ○ /typography-tools/font-size-converter
├ ○ /typography-tools/font-subset-generator
├ ○ /typography-tools/font-weight-tester
├ ○ /typography-tools/gradient-text-generator
├ ○ /typography-tools/letter-spacing-tool
├ ○ /typography-tools/ligature-generator
├ ○ /typography-tools/line-height-generator
├ ○ /typography-tools/monospace-font-tester
├ ○ /typography-tools/text-readability-analyzer
├ ○ /typography-tools/text-shadow-generator
├ ○ /typography-tools/text-to-ascii-art-generator
├ ○ /typography-tools/text-watermark-adder
├ ○ /typography-tools/type-scale-calculator
├ ○ /typography-tools/vertical-text-generator
├ ○ /unicode-tools
├ ○ /unicode-tools/unicode-bidirectional-editor
├ ○ /unicode-tools/unicode-character-counter
├ ○ /unicode-tools/unicode-character-inspector
├ ○ /unicode-tools/unicode-character-lookup
├ ○ /unicode-tools/unicode-character-map
├ ○ /unicode-tools/unicode-confusables-detector
├ ○ /unicode-tools/unicode-csv-escaper
├ ○ /unicode-tools/unicode-emoji-picker
├ ○ /unicode-tools/unicode-escape-encoder
├ ○ /unicode-tools/unicode-font-generator
├ ○ /unicode-tools/unicode-line-break-tool
├ ○ /unicode-tools/unicode-normalizer
├ ○ /unicode-tools/unicode-regex-tester
├ ○ /unicode-tools/unicode-sorting-tool
├ ○ /unicode-tools/unicode-superscript-generator
├ ○ /unicode-tools/unicode-text-converter
├ ○ /unicode-tools/unicode-url-encoder
├ ○ /unicode-tools/unicode-whitespace-remover
├ ○ /unicode-tools/unicode-zero-width-tool
├ ○ /unit-converters
├ ○ /unit-converters/acceleration
├ ○ /unit-converters/acceleration-angular
├ ○ /unit-converters/age-calculator
├ ○ /unit-converters/angle
├ ○ /unit-converters/apparent-magnitude-converter
├ ○ /unit-converters/area
├ ○ /unit-converters/astronomical-unit-converter
├ ○ /unit-converters/audio-bitrate-converter
├ ○ /unit-converters/baking-pan-size-converter
├ ○ /unit-converters/bmi-calculator
├ ○ /unit-converters/brick-calculator
├ ○ /unit-converters/calorie-burn-rate-converter
├ ○ /unit-converters/cement-sand-aggregate-converter
├ ○ /unit-converters/charge
├ ○ /unit-converters/clothing-size-converter
├ ○ /unit-converters/concentration-molar
├ ○ /unit-converters/concentration-solution
├ ○ /unit-converters/concrete-mix-ratio-converter
├ ○ /unit-converters/concrete-volume-converter
├ ○ /unit-converters/cups-to-grams
├ ○ /unit-converters/cups-to-ml
├ ○ /unit-converters/current
├ ○ /unit-converters/data-storage
├ ○ /unit-converters/date-difference-calculator
├ ○ /unit-converters/density
├ ○ /unit-converters/dew-point-calculator
├ ○ /unit-converters/digital-image-resolution
├ ○ /unit-converters/electric-conductance
├ ○ /unit-converters/electric-conductivity
├ ○ /unit-converters/electric-field-strength
├ ○ /unit-converters/electric-potential
├ ○ /unit-converters/electric-resistance
├ ○ /unit-converters/electric-resistivity
├ ○ /unit-converters/electrostatic-capacitance
├ ○ /unit-converters/energy
├ ○ /unit-converters/exposure-dose-converter
├ ○ /unit-converters/fabric-gsm-converter
├ ○ /unit-converters/floor-area-converter
├ ○ /unit-converters/flow
├ ○ /unit-converters/flow-mass
├ ○ /unit-converters/flow-molar
├ ○ /unit-converters/force
├ ○ /unit-converters/frequency
├ ○ /unit-converters/frequency-to-musical-note-converter
├ ○ /unit-converters/fuel-consumption
├ ○ /unit-converters/fuel-efficiency-mass
├ ○ /unit-converters/fuel-efficiency-volume
├ ○ /unit-converters/heat-density
├ ○ /unit-converters/heat-flux-density
├ ○ /unit-converters/heat-transfer-coefficient
├ ○ /unit-converters/height-converter
├ ○ /unit-converters/horsepower-to-animals-converter
├ ○ /unit-converters/humidity-ratio-converter
├ ○ /unit-converters/illumination
├ ○ /unit-converters/image-dpi-converter
├ ○ /unit-converters/inductance
├ ○ /unit-converters/ingredient-density-converter
├ ○ /unit-converters/length
├ ○ /unit-converters/light-years-to-parsecs
├ ○ /unit-converters/linear-charge-density
├ ○ /unit-converters/linear-current-density
├ ○ /unit-converters/lumber-board-feet-converter
├ ○ /unit-converters/luminance
├ ○ /unit-converters/luminous-intensity
├ ○ /unit-converters/magnetic-field-strength
├ ○ /unit-converters/magnetic-flux
├ ○ /unit-converters/magnetic-flux-density
├ ○ /unit-converters/magnetomotive-force
├ ○ /unit-converters/mass-flux-density
├ ○ /unit-converters/moment-of-force
├ ○ /unit-converters/moment-of-inertia
├ ○ /unit-converters/oven-temperature-converter
├ ○ /unit-converters/permeability
├ ○ /unit-converters/planet-weight-converter
├ ○ /unit-converters/power
├ ○ /unit-converters/pressure
├ ○ /unit-converters/radiation-dose-converter
├ ○ /unit-converters/radioactivity-converter
├ ○ /unit-converters/rainfall-converter
├ ○ /unit-converters/rebar-weight-calculator
├ ○ /unit-converters/ring-size-converter
├ ○ /unit-converters/roofing-sheet-coverage-converter
├ ○ /unit-converters/running-pace-to-speed-converter
├ ○ /unit-converters/shoe-size-converter
├ ○ /unit-converters/sound-pressure-pa-to-db
├ ○ /unit-converters/sourdough-hydration-converter
├ ○ /unit-converters/specific-heat-capacity
├ ○ /unit-converters/specific-volume
├ ○ /unit-converters/speed
├ ○ /unit-converters/surface-charge-density
├ ○ /unit-converters/surface-current-density
├ ○ /unit-converters/surface-tension
├ ○ /unit-converters/temperature
├ ○ /unit-converters/temperature-interval
├ ○ /unit-converters/thermal-conductivity
├ ○ /unit-converters/thermal-expansion
├ ○ /unit-converters/thermal-resistance
├ ○ /unit-converters/thread-count-converter
├ ○ /unit-converters/tile-calculator
├ ○ /unit-converters/time
├ ○ /unit-converters/time-duration-calculator
├ ○ /unit-converters/torque
├ ○ /unit-converters/unix-timestamp-converter
├ ○ /unit-converters/velocity-angular
├ ○ /unit-converters/video-frame-rate-converter
├ ○ /unit-converters/viscosity-dynamic
├ ○ /unit-converters/viscosity-kinematic
├ ○ /unit-converters/volume
├ ○ /unit-converters/volume-charge-density
├ ○ /unit-converters/volume-dry
├ ○ /unit-converters/wavelength
├ ○ /unit-converters/weight-and-mass
├ ○ /unit-converters/wind-speed-converter
├ ○ /url-tools
├ ○ /url-tools/url-blacklist-checker
├ ○ /url-tools/url-canonicalization-checker
├ ○ /url-tools/url-case-converter
├ ○ /url-tools/url-decoder
├ ○ /url-tools/url-duplicate-finder
├ ○ /url-tools/url-email-link-extractor
├ ○ /url-tools/url-encoder
├ ○ /url-tools/url-expander
├ ○ /url-tools/url-ip-address-lookup
├ ○ /url-tools/url-parser
├ ○ /url-tools/url-ping-tool
├ ○ /url-tools/url-qr-code-generator
├ ○ /url-tools/url-query-string-extractor
├ ○ /url-tools/url-redirect-checker
├ ○ /url-tools/url-screenshot-generator
├ ○ /url-tools/url-shortener
├ ○ /url-tools/url-slug-generator
├ ○ /url-tools/url-social-media-preview
├ ○ /url-tools/url-source-code-viewer
├ ○ /url-tools/url-utm-builder
├ ○ /url-tools/url-wayback-machine-checker
├ ○ /uuid-tools
├ ○ /uuid-tools/bulk-uuid-generator
├ ○ /uuid-tools/nil-uuid-generator
├ ○ /uuid-tools/offline-uuid-generator
├ ○ /uuid-tools/uuid-case-formatter
├ ○ /uuid-tools/uuid-collision-checker
├ ○ /uuid-tools/uuid-decoder
├ ○ /uuid-tools/uuid-entropy-checker
├ ○ /uuid-tools/uuid-generator
├ ○ /uuid-tools/uuid-regex-tester
├ ○ /uuid-tools/uuid-sort-organize
├ ○ /uuid-tools/uuid-timestamp-to-date
├ ○ /uuid-tools/uuid-to-guid-converter
├ ○ /uuid-tools/uuid-to-qr-code
├ ○ /uuid-tools/uuid-v1-generator
├ ○ /uuid-tools/uuid-validator
├ ○ /uuid-tools/uuid-version-converter
├ ○ /video-tools
├ ○ /video-tools/change-video-fps
├ ○ /video-tools/crop-video
├ ○ /video-tools/enhance-video-quality
├ ○ /video-tools/extract-audio-from-video
├ ○ /video-tools/resize-video-dimensions
├ ○ /video-tools/rotate-video
├ ○ /video-tools/video-audio-remover
├ ○ /video-tools/video-audio-sync-fixer
├ ○ /video-tools/video-bitrate-changer
├ ○ /video-tools/video-color-space-transformation
├ ○ /video-tools/video-compressor
├ ○ /video-tools/video-compressor-simple
├ ○ /video-tools/video-duration-cutter
├ ○ /video-tools/video-format-converter
├ ○ /video-tools/video-fragmenter
├ ○ /video-tools/video-frame-extractor
├ ○ /video-tools/video-frame-rate-analyzer
├ ○ /video-tools/video-frame-sequence-exporter
├ ○ /video-tools/video-frame-sequence-to-video
├ ○ /video-tools/video-grayscale
├ ○ /video-tools/video-keyframe-extractor
├ ○ /video-tools/video-metadata-editor
├ ○ /video-tools/video-metadata-remover
├ ○ /video-tools/video-metadata-viewer
├ ○ /video-tools/video-overlays
├ ○ /video-tools/video-player
├ ○ /video-tools/video-resolution-analyzer
├ ○ /video-tools/video-speed-changer
├ ○ /video-tools/video-thumbnail-generator
├ ○ /video-tools/video-track-remover
├ ○ /video-tools/video-transparency-maker
├ ○ /xml-tools
├ ○ /xml-tools/xml-diff-compare
├ ○ /xml-tools/xml-entity-encoder-decoder
├ ○ /xml-tools/xml-formatter-validator
├ ○ /xml-tools/xml-namespace-remover-cleaner
├ ○ /xml-tools/xml-schema-xsd-generator
├ ○ /xml-tools/xml-signature-generator-verifier
├ ○ /xml-tools/xml-sitemap-generator
├ ○ /xml-tools/xml-to-csv-converter
├ ○ /xml-tools/xml-to-html-table-converter
├ ○ /xml-tools/xml-to-json-converter
├ ○ /xml-tools/xml-to-pdf-converter
├ ○ /xml-tools/xml-to-rss-feed-converter
├ ○ /xml-tools/xml-to-sql-converter
├ ○ /xml-tools/xml-viewer-editor
├ ○ /xml-tools/xml-xpath-tester
├ ○ /yaml-tools
├ ○ /yaml-tools/csv-to-yaml-converter
├ ○ /yaml-tools/ini-to-yaml-converter
├ ○ /yaml-tools/json-to-yaml-converter
├ ○ /yaml-tools/properties-to-yaml-converter
├ ○ /yaml-tools/xml-to-yaml-converter
├ ○ /yaml-tools/yaml-comment-remover
├ ○ /yaml-tools/yaml-diff-checker
├ ○ /yaml-tools/yaml-editor
├ ○ /yaml-tools/yaml-escape-unescape
├ ○ /yaml-tools/yaml-formatter-beautifier
├ ○ /yaml-tools/yaml-key-sorter
├ ○ /yaml-tools/yaml-linter
├ ○ /yaml-tools/yaml-merge-tool
├ ○ /yaml-tools/yaml-minifier-compressor
├ ○ /yaml-tools/yaml-prettifier-custom
├ ○ /yaml-tools/yaml-schema-validator
├ ○ /yaml-tools/yaml-to-csv-converter
├ ○ /yaml-tools/yaml-to-env-converter
├ ○ /yaml-tools/yaml-to-go-struct
├ ○ /yaml-tools/yaml-to-graphviz-dot
├ ○ /yaml-tools/yaml-to-html-table
├ ○ /yaml-tools/yaml-to-ini-converter
├ ○ /yaml-tools/yaml-to-json-converter
├ ○ /yaml-tools/yaml-to-markdown-table
├ ○ /yaml-tools/yaml-to-properties-converter
├ ○ /yaml-tools/yaml-to-python-dict
├ ○ /yaml-tools/yaml-to-sql-insert
├ ○ /yaml-tools/yaml-to-toml-converter
├ ○ /yaml-tools/yaml-to-xml-converter
├ ○ /yaml-tools/yaml-validator
└ ○ /yaml-tools/yaml-version-converter


○  (Static)  prerendered as static content


┌──────────────────────────────┐
│ OpenNext — Generating bundle │
└──────────────────────────────┘

Bundling middleware function...
Bundling static assets...
Bundling cache assets...
Building server function: default...
node:internal/fs/promises:640
  return new FileHandle(await PromisePrototypeThen(
                        ^

Error: EMFILE: too many open files, open 'C:\Users\NaushadAlam\Desktop\1000freetools-main\.open-next\server-functions\d
efault\.next\server\chunks\ssr\_5e5c3bc6._.js'
    at async open (node:internal/fs/promises:640:25)
    at async Module.readFile (node:internal/fs/promises:1290:14)
    at async file:///C:/Users/NaushadAlam/Desktop/1000freetools-main/node_modules/@opennextjs/aws/dist/build/patch/code
Patcher.js:77:25
    at async Promise.all (index 17597)
    at async applyCodePatches (file:///C:/Users/NaushadAlam/Desktop/1000freetools-main/node_modules/@opennextjs/aws/dis
t/build/patch/codePatcher.js:69:5)
    at async generateBundle (file:///C:/Users/NaushadAlam/Desktop/1000freetools-main/node_modules/@opennextjs/cloudflar
e/dist/cli/build/open-next/createServerBundle.js:134:5)
    at async createServerBundle (file:///C:/Users/NaushadAlam/Desktop/1000freetools-main/node_modules/@opennextjs/cloud
flare/dist/cli/build/open-next/createServerBundle.js:75:5)
    at async build (file:///C:/Users/NaushadAlam/Desktop/1000freetools-main/node_modules/@opennextjs/cloudflare/dist/cl
i/build/build.js:74:5)
    at async buildCommand (file:///C:/Users/NaushadAlam/Desktop/1000freetools-main/node_modules/@opennextjs/cloudflare/
dist/cli/commands/build.js:33:5) {
  errno: -4066,
  code: 'EMFILE',
  syscall: 'open',
  path: 'C:\\Users\\NaushadAlam\\Desktop\\1000freetools-main\\.open-next\\server-functions\\default\\.next\\server\\chu
nks\\ssr\\_5e5c3bc6._.js'
}

Node.js v24.18.0
